// Jest Snapshot v1, https://goo.gl/fbAQLP

exports[`BLS Aggregation 1`] = `"b48d90ebddc4fafc50d68fd0b6902583479c1ec77788d6a2dfaae1c9b4559b4909f0fa9933d475711a79a0e8c7e562ea0d406d8caa53a97f0b40ea2a37a5eab15ccdad6f1c8f1b4bd82302ef07b2037d54ee9ab7a22cc0938ba3e329e5b445b7"`;

exports[`BLS ECDH 1: encrypted 1`] = `"b449fbcd67ca14059046815978e90da60cea883805cbe120146375dde3295ca0"`;

exports[`BLS ECDH 2: encrypted 1`] = `"b449fbcd67ca14059046815978e90da6172d60ae943c08611d65d7195fcf617e3fd8fd806a2f3f5045d0f1040a503722dbedbab09d753fd82d1fae4c7bff564f718cde37d17580891d30bf930d0f13d6b9dafa300f484f7d68fb06d7ca93e45a5b3bc1d978ffe739adfebafe347bda11029c2dd9c48ee0d4461b816e716a9376daa9065c13578483896bbe033d9e4dd65bce230b21d4ff7cb00e08b80ab925c95519537d150ae760366cd06ffec2fac12c76faeeacfd288f2cba949fc07d7f45eabdde2c24b53858f002282bce4a784b053f3312e4579223fa45b782356a6920fdbc160f8cc7827d0b39beac1716a1516e65c5c1ff0bbcff27c3736a2da1f2ddae4a8168c0765d426913e909b143d0b68c8a5a47e31e0ac47648daa3f5f28522"`;

exports[`Basic Cryptography: address 1`] = `"xch13akv0y3er0qvdjwzks2gm4ljj7qpynrh6rcsnwc6y0hyfgzdj89sr43zcp"`;

exports[`Basic Cryptography: farmerpubkey 1`] = `"99f181b1b30865339eea4e61172e64282ed1793022363f6635affbfb2aa2f4384ef10df47a445f92d685c7265488777e"`;

exports[`Basic Cryptography: fingerprint 1`] = `"2308828858"`;

exports[`Basic Cryptography: hash 1`] = `"9f86d081884c7d659a2feaa0c55ad015a3bf4f1b2b0b822cd15d6c15b0f00a08"`;

exports[`Basic Cryptography: masterprikey 1`] = `"67b3dcf5ba985f77b7bb78b3edfd7e501f4669a3530b74f2247256e38b0529e2"`;

exports[`Basic Cryptography: masterpubkey 1`] = `"89d4ca795881dc192cf7e0bcf22528c3d7708f57aa644647ae2506cd10405dc528b36e450ab901675f7a6289a4335a22"`;

exports[`Basic Cryptography: poolpubkey 1`] = `"9896eb01246db07360b4caba1861a6d13c5be923e28a68ba8429d841c5dfa429e05ef639003793c4715a8be4578abe9e"`;

exports[`Basic Cryptography: walletprikey 1`] = `"0408d4c5e7c97af49dd5605db1907a231761c0cba816c778e74c8de24d0793cd"`;

exports[`Basic Cryptography: walletpubkey 1`] = `"8b58921998b2337fd9d4a410e8bd11dfda435feb92dc3d6f3e111194b99a0391f39cf9b9534a44d154c9d7492400f36b"`;

exports[`Coin Name: coinname 1`] = `"c62152493a6f3fbca7a918a8258e52f84c4e8aa286b8ebf1b0d5e5dda7fa7e6f"`;

exports[`ECDH 1: decrypted 1`] = `"hello"`;

exports[`ECDH 1: encrypted 1`] = `"3d0578e760b3abb55eee2a207f86610f6979d828e7f013c3ab07be3512673944"`;

exports[`ECDH 1: pk1 1`] = `"72a493cf43d9a55d245453eb672aa2e52b8f7cf0bcf5bb16bdbf7f7187a002dc"`;

exports[`ECDH 1: pk2 1`] = `"74c7c8b01b67448c6199d848ac16884b50216e7266ec4fa21f9c5d6b0c9ffdab"`;

exports[`ECDH 2: decrypted 1`] = `
"
very long sentence with newline
very long sentence with newline
very long sentence with newline
very long sentence with newline
very long sentence with newline
very long sentence with newline
very long sentence with newline
very long sentence with newline
  "
`;

exports[`ECDH 2: encrypted 1`] = `"3d0578e760b3abb55eee2a207f86610f3d438ba728ec2d91b98ded328fc922c60521dde55f7123982fa14bd80c051e5ba4d384a3023e171106630069ff6f38d3b31aebee6f898f6ab21bc99e2af1c2b60a8d30490a71da5f349a64485eafccb70ff1042d5b9c29ad75c97c6e18529228fb6357831cb16fdfff6c45989f87d93b4f3450fcb5995de197b5fd057f223718069955323de8b88b2a296b244f82995e9693ce1808a8c2522596bb81e058e41faf867e816a3aede95f4b6c78f1f69e837687eb1d6e1a4ba598f05a1fd85d1ec434cb21bfa998de63665764ad4000376537525e0b428df13abdf45061af69024a1983312a798017e5d7bc31ef7173195610f1b5b54ec85f79f29f85c92ea60cd6c672dfb7fcb95bbe4d4fb43aea263991"`;

exports[`ECDH 2: pk1 1`] = `"72a493cf43d9a55d245453eb672aa2e52b8f7cf0bcf5bb16bdbf7f7187a002dc"`;

exports[`ECDH 2: pk2 1`] = `"74c7c8b01b67448c6199d848ac16884b50216e7266ec4fa21f9c5d6b0c9ffdab"`;

exports[`Puzzle Assemble 1`] = `"(q (a b c) (d e f))"`;

exports[`Puzzle Assemble 2`] = `"(q (a b c) (d e (f \\"g\\") ()))"`;

exports[`Sign Message By DID: msg 1`] = `"eac753f6f07152ef558a6fd1d1b989cc99f0528bb34f5b927294f031117b3d70"`;

exports[`Sign Message By DID: signature 1`] = `"0x82ca9a652a58e148ec74645dae3106c28f33d5057abedec9e7fbe6b9d46450dd71082bb5dbff4108a75184f7825d7857053da2caa2bafb12e8f689ff6f24e88f930d515244d9730300c860ac5279ae8cca2022ea0588b6b68f25e6fc80471197"`;

exports[`Sign Message By DID: syntheticPublicKey 1`] = `"0xb79284e00045f07be014cacf9aac17b5a41648b32329eb2a38104768a0a0abd6542cb577b28e25458a8472c43fb8475b"`;

exports[`Sign Message By NFT: msg 1`] = `"eac753f6f07152ef558a6fd1d1b989cc99f0528bb34f5b927294f031117b3d70"`;

exports[`Sign Message By NFT: signature 1`] = `"0x8310a5ce30132bd240595fa9da662bbaa77b505feedfb19fdafb121113c354bd3ecfad0d46851816fd0ad3cb6ea6a05e0506f44924cd4d7c0844f1ac54c8355e0194eec826784fd4bc458a409b53ca060beacf4dd06d309ffaeee31e1faf22c0"`;

exports[`Sign Message By NFT: syntheticPublicKey 1`] = `"0xa0ea9df64dd859d6d7e648fec94b35ee0512670e68c0a83c520948dc164d817d39c402002db1cf716caa1335022c8338"`;

exports[`Sign Message By XCH With Double Quote In Message: msg 1`] = `"fcb527aec477a179db84da00ca1b9e0ba55a2a38117bcca9a0e3656ce5b87124"`;

exports[`Sign Message By XCH With Double Quote In Message: signature 1`] = `"0x8e5feb29753cae76b2504c8c24595c0d533f057b53476642859020e8d02604c9d7584d2cfc819585f5b43a8129083ea210c6dc1189c44140a7defb539f43502b42dda93a00c11abe5e339ce0c74f5ff16df6615380e3358935b6753badc59167"`;

exports[`Sign Message By XCH With Double Quote In Message: syntheticPublicKey 1`] = `"0x92c7027d455e843b1226b757c1dd5e124e0e6ddab3549036a4684b410182fdfd1eee459eb76a4d6d73e94f90fbe6eb1d"`;

exports[`Sign Message By XCH: msg 1`] = `"eac753f6f07152ef558a6fd1d1b989cc99f0528bb34f5b927294f031117b3d70"`;

exports[`Sign Message By XCH: signature 1`] = `"0xa673160a951c23683f4d8aa551eca97767befbf025d75f4539e7db4aa639efe950f389134e5c2552f5e2bd87c3ce97600d523cb434cdf75afe6a490b4dba4cb2bba5e7c49b44c55743bffbe08b372955d74fd0384178ebf40ee73a1b46d27f8f"`;

exports[`Sign Message By XCH: syntheticPublicKey 1`] = `"0x92c7027d455e843b1226b757c1dd5e124e0e6ddab3549036a4684b410182fdfd1eee459eb76a4d6d73e94f90fbe6eb1d"`;
