// Jest Snapshot v1, https://goo.gl/fbAQLP

exports[`CNS offer generation: response 1`] = `
Object {
  "offer": "offer1qqr83wcuu2rykcmqvps0t0y3e0cd2glpf5lvwd3xums25u8d2t2cw0lykgegfnu9wtv8h4pl78cmv2gdjag2al0k7kjvf5tm4waa6f65jel3detudlffu99malhfh7gvzrqqsma8pmmnjm4scyda5d883wk8nkmpzt2ryf2k3864e6f8jkfr8veyxuhmt6y57t7lsge570g34zaxv5mmsfxuze9rqkpn838qy6mdsqjtmlctmeljs40jp3yr3y8k9h0k3ndpu464vak92knm44edhxuvcm7fmxpmv2ep4gd494ewtan2n6v7hhphd4lupdw5w8ufndtleetr2t48h2hkurlpfa3aqjx5rrgmk3syg65yk9q9yvjsry0h9ajracpjysse88lnyq3avwpjhz8ekqzrz863gx7vppleur4lxtl7nqey7uys8ralfju36vg6whw0a5ydrm9jlacftnex5vp4cyqtrkhf2asgjwe7utmfhv74tktw5fu7equ94w2595l703cj6lt6uaz32g2rwzjae5feygwymhk38x3dzwdzl7phersgj2mp0490xg9dullhu2phhfeemymd6jtjma77glzz07zynt9c6hk7g96mdtn07h6q4r6zqhzxl7rc6qxp38gej2w6yjqdrxdfuyanxp2w7q93d7xwpuhlxr6evtnkpv80kahsx5678w47f2n9eynwklsclrrnyne7qn930f0l7ajef9q5z3d7n6uhylnwffykazj6f9hfzkt3dfqkuhjewf02j5nxwfrxu6jjf6f9uln75elx5m4j0ec4avj6txg6ykd3hx0fv526gqede3v9pdnsqfm6dc0hlhc7e2cdmxxa2wfvxcu933rtss58lxd8ru4dz4nvltlh75mwa8lsxpfs4d9d8232f095cnftxwfh8r2nedxvmy5tfv9fxusnzv4chvjt2de88v622v4ck55v7we0xucj6v4fy5h4z29u55cnedf0tujjf060xgm5wh7mms7v3kwe6lydwjpuh55uw07pmscan5et6z6ayg4le8prxvpe9shucvw5hj4nrdqpveevwpcclk2e8rvua404l4dxru7067aglx32mak8048avn78jflttwvks7aq4gw2pu6jvr8ykjjv4dxy4n2v4a9yat92fqkn2nederxn22fteyhy6npf924jct3nxly5n242ft9rzj3dqdazjvw49ndaf0pjyw7n9t7qgshmxg9dtqhjltdyhqjt72p3842j7fen9adn7fen8y667wz44usz2r0y5jwgcp22axhdn97wl4u8m6ynjmfeg64kamp3ktf5hs3w4hew0tac7lt30p7sq5z4wy0xsc9khqzyffjkksjvwa98q9vhnwga39yuj2t6zhy3jsz72g9re3s4tev5uapgvgm0dje2pq2l7un6s47ktwafdkrnmf69ktxl8pe9l34mz9905weew29edp60vun576fgq7l73l89uysmfl6fn0vyj375w4al4fwtlzjp8fz0ml5zz0ne6nh9td7xmydwlzulj5zsk8w6v7l2dggxtvrjpjkhkw36pvur5zecapnsrl7nhydmdsrwjwjjfn7nm90pl8eydf9y7mpakaxr0g0g47usf265xrlc69v2m5rjpj56rzlcp8xhsq3kkr0nx89a2uga4uvaatxh7tg0d9xexpkl8pcdxkrhfqhkfhut2ledzl057gml7w2krhg2thnl27exnwk8rjhm4u9z79gm2z5lllchzqdfspxmpvdxzq3mqlv0sqn9v0ctprh3luzs2mmewhfplh3ursgkmw99t3srnaa84ldlmh680mw855hyuczu7zg4wdqn5zp2sfn37pszur70u7m0vd7pdhdnuhl24v8nknmlvy3t60ve083dajur3elel5lc49ulc02vrykpazzqrh5ykjswyuqeplhncgwk5r2s72je7t3ax9rx0p9wexkswz5uc5mj6l8z8nwqwmqc9v9y9ke5c6ah0jydzyg3p8d2a06n4mh9pk7t9k6njxj9qtr6e857khaal237uk2q5qc39fq7a7r4ar3qmfh8fv8dkl4m7jeef2azeet5rzfhl3dgl3ytd5wzvkjvzv3y0pme2yreq35809rcw728sau50pme2ye7t6ps9ltxcwp6esan4npm8txrkwkv8vavez6uu28saulzxfh8fxrhwjvp0ywmuzgcl8qsg6rhjzftr5w7dlfl8txrkwkv80vgw7gfchd07pvheflh6am3n67zag4paldxr7dfzl8ku7tnudpg2jd3dm2samd9q90lacqapqnrgdqtrcyzdfqgvjt0mlc99u0dwe0ne5yaf7ptn9lk75mlmtzvuszax0t7hjahnguzs779f3khuq7tsewh79retx49dmxhnw2mstkev8rma3mmhftk58yurhcyt6hfntu30l3gwdvmd0zwd9w3nt9j0h8dfjd4fehgcy33tjmk8rumm92y773t2xae8hvu0k8f357jw296g9adg7wchalm04chauw585c0aa6ka95nrucmp0hqyq8nqqygjsgznhz",
}
`;
