// Jest Snapshot v1, https://goo.gl/fbAQLP

exports[`Mint Nft: spendbundle 1`] = `
Object {
  "aggregated_signature": "0xa6a4dd809e81c641174826dd8e04477f0c7abb4eb9227b501877109cb198c05d1e23a895eb246404b0feee1af9331587191b6af4e395acacfaaf6d5f440d4917f108c0f2f05e2bae6dc9ecfcf750c966ab95658954e1184d221976f9e657b5a1",
  "coin_spends": Array [
    Object {
      "coin": Object {
        "amount": 4998999984n,
        "parent_coin_info": "0xf3b7d6d4bdd80b99c539f7ca900288f5dc2ac8fb23559656e981761e90b2fe71",
        "puzzle_hash": "0x0eb720d9195ffe59684b62b12d54791be7ad3bb6207f5eb92e0e1b40ecbc1155",
      },
      "puzzle_reveal": "0xff02ffff01ff02ffff01ff02ffff03ff0bffff01ff02ffff03ffff09ff05ffff1dff0bffff1effff0bff0bffff02ff06ffff04ff02ffff04ff17ff8080808080808080ffff01ff02ff17ff2f80ffff01ff088080ff0180ffff01ff04ffff04ff04ffff04ff05ffff04ffff02ff06ffff04ff02ffff04ff17ff80808080ff80808080ffff02ff17ff2f808080ff0180ffff04ffff01ff32ff02ffff03ffff07ff0580ffff01ff0bffff0102ffff02ff06ffff04ff02ffff04ff09ff80808080ffff02ff06ffff04ff02ffff04ff0dff8080808080ffff01ff0bffff0101ff058080ff0180ff018080ffff04ffff01b0a0ea9df64dd859d6d7e648fec94b35ee0512670e68c0a83c520948dc164d817d39c402002db1cf716caa1335022c8338ff018080",
      "solution": "0xff80ffff01ffff33ffa0eff07522495060c066f66f32acc2a77e3a3e737aca8baea4d1a64ea4cdc13da9ff0180ffff33ffa00eb720d9195ffe59684b62b12d54791be7ad3bb6207f5eb92e0e1b40ecbc1155ff850129f6afaf8080ff8080",
    },
    Object {
      "coin": Object {
        "amount": 1n,
        "parent_coin_info": "0xa9b4b921264b687b2aad31c208da1a4d38e7aa36135aa892ea366f20ea0d0a5c",
        "puzzle_hash": "0xeff07522495060c066f66f32acc2a77e3a3e737aca8baea4d1a64ea4cdc13da9",
      },
      "puzzle_reveal": "0xff02ffff01ff04ffff04ff04ffff04ff05ffff04ff0bff80808080ffff04ffff04ff0affff04ffff02ff0effff04ff02ffff04ffff04ff05ffff04ff0bffff04ff17ff80808080ff80808080ff808080ff808080ffff04ffff01ff33ff3cff02ffff03ffff07ff0580ffff01ff0bffff0102ffff02ff0effff04ff02ffff04ff09ff80808080ffff02ff0effff04ff02ffff04ff0dff8080808080ffff01ff0bffff0101ff058080ff0180ff018080",
      "solution": "0xffa0364b1ffe78c924d60f5edf18577184c048fe0440a8a3c44afb58be457913fb4bff01ff8080",
    },
    Object {
      "coin": Object {
        "amount": 1n,
        "parent_coin_info": "0x0d057ef629327bac46c3a56d79b41c75de100cf14fee51c1ffd518ff9c534f5f",
        "puzzle_hash": "0x364b1ffe78c924d60f5edf18577184c048fe0440a8a3c44afb58be457913fb4b",
      },
      "puzzle_reveal": "0xff02ffff01ff02ffff01ff02ffff03ffff18ff2fff3480ffff01ff04ffff04ff20ffff04ff2fff808080ffff04ffff02ff3effff04ff02ffff04ff05ffff04ffff02ff2affff04ff02ffff04ff27ffff04ffff02ffff03ff77ffff01ff02ff36ffff04ff02ffff04ff09ffff04ff57ffff04ffff02ff2effff04ff02ffff04ff05ff80808080ff808080808080ffff011d80ff0180ffff04ffff02ffff03ff77ffff0181b7ffff015780ff0180ff808080808080ffff04ff77ff808080808080ffff02ff3affff04ff02ffff04ff05ffff04ffff02ff0bff5f80ffff01ff8080808080808080ffff01ff088080ff0180ffff04ffff01ffffffff4947ff0233ffff0401ff0102ffffff20ff02ffff03ff05ffff01ff02ff32ffff04ff02ffff04ff0dffff04ffff0bff3cffff0bff34ff2480ffff0bff3cffff0bff3cffff0bff34ff2c80ff0980ffff0bff3cff0bffff0bff34ff8080808080ff8080808080ffff010b80ff0180ffff02ffff03ffff22ffff09ffff0dff0580ff2280ffff09ffff0dff0b80ff2280ffff15ff17ffff0181ff8080ffff01ff0bff05ff0bff1780ffff01ff088080ff0180ff02ffff03ff0bffff01ff02ffff03ffff02ff26ffff04ff02ffff04ff13ff80808080ffff01ff02ffff03ffff20ff1780ffff01ff02ffff03ffff09ff81b3ffff01818f80ffff01ff02ff3affff04ff02ffff04ff05ffff04ff1bffff04ff34ff808080808080ffff01ff04ffff04ff23ffff04ffff02ff36ffff04ff02ffff04ff09ffff04ff53ffff04ffff02ff2effff04ff02ffff04ff05ff80808080ff808080808080ff738080ffff02ff3affff04ff02ffff04ff05ffff04ff1bffff04ff34ff8080808080808080ff0180ffff01ff088080ff0180ffff01ff04ff13ffff02ff3affff04ff02ffff04ff05ffff04ff1bffff04ff17ff8080808080808080ff0180ffff01ff02ffff03ff17ff80ffff01ff088080ff018080ff0180ffffff02ffff03ffff09ff09ff3880ffff01ff02ffff03ffff18ff2dffff010180ffff01ff0101ff8080ff0180ff8080ff0180ff0bff3cffff0bff34ff2880ffff0bff3cffff0bff3cffff0bff34ff2c80ff0580ffff0bff3cffff02ff32ffff04ff02ffff04ff07ffff04ffff0bff34ff3480ff8080808080ffff0bff34ff8080808080ffff02ffff03ffff07ff0580ffff01ff0bffff0102ffff02ff2effff04ff02ffff04ff09ff80808080ffff02ff2effff04ff02ffff04ff0dff8080808080ffff01ff0bffff0101ff058080ff0180ff02ffff03ffff21ff17ffff09ff0bff158080ffff01ff04ff30ffff04ff0bff808080ffff01ff088080ff0180ff018080ffff04ffff01ffa07faa3253bfddd1e0decb0906b2dc6247bbc4cf608f58345d173adb63e8b47c9fffa00d057ef629327bac46c3a56d79b41c75de100cf14fee51c1ffd518ff9c534f5fa0eff07522495060c066f66f32acc2a77e3a3e737aca8baea4d1a64ea4cdc13da9ffff04ffff01ff02ffff01ff02ffff01ff02ff3effff04ff02ffff04ff05ffff04ffff02ff2fff5f80ffff04ff80ffff04ffff04ffff04ff0bffff04ff17ff808080ffff01ff808080ffff01ff8080808080808080ffff04ffff01ffffff0233ff04ff0101ffff02ff02ffff03ff05ffff01ff02ff1affff04ff02ffff04ff0dffff04ffff0bff12ffff0bff2cff1480ffff0bff12ffff0bff12ffff0bff2cff3c80ff0980ffff0bff12ff0bffff0bff2cff8080808080ff8080808080ffff010b80ff0180ffff0bff12ffff0bff2cff1080ffff0bff12ffff0bff12ffff0bff2cff3c80ff0580ffff0bff12ffff02ff1affff04ff02ffff04ff07ffff04ffff0bff2cff2c80ff8080808080ffff0bff2cff8080808080ffff02ffff03ffff07ff0580ffff01ff0bffff0102ffff02ff2effff04ff02ffff04ff09ff80808080ffff02ff2effff04ff02ffff04ff0dff8080808080ffff01ff0bffff0101ff058080ff0180ff02ffff03ff0bffff01ff02ffff03ffff09ff23ff1880ffff01ff02ffff03ffff18ff81b3ff2c80ffff01ff02ffff03ffff20ff1780ffff01ff02ff3effff04ff02ffff04ff05ffff04ff1bffff04ff33ffff04ff2fffff04ff5fff8080808080808080ffff01ff088080ff0180ffff01ff04ff13ffff02ff3effff04ff02ffff04ff05ffff04ff1bffff04ff17ffff04ff2fffff04ff5fff80808080808080808080ff0180ffff01ff02ffff03ffff09ff23ffff0181e880ffff01ff02ff3effff04ff02ffff04ff05ffff04ff1bffff04ff17ffff04ffff02ffff03ffff22ffff09ffff02ff2effff04ff02ffff04ff53ff80808080ff82014f80ffff20ff5f8080ffff01ff02ff53ffff04ff818fffff04ff82014fffff04ff81b3ff8080808080ffff01ff088080ff0180ffff04ff2cff8080808080808080ffff01ff04ff13ffff02ff3effff04ff02ffff04ff05ffff04ff1bffff04ff17ffff04ff2fffff04ff5fff80808080808080808080ff018080ff0180ffff01ff04ffff04ff18ffff04ffff02ff16ffff04ff02ffff04ff05ffff04ff27ffff04ffff0bff2cff82014f80ffff04ffff02ff2effff04ff02ffff04ff818fff80808080ffff04ffff0bff2cff0580ff8080808080808080ff378080ff81af8080ff0180ff018080ffff04ffff01a0a04d9f57764f54a43e4030befb4d80026e870519aaa66334aef8304f5d0393c2ffff04ffff01ffff75ffc06e68747470733a2f2f617773312e646973636f757273652d63646e2e636f6d2f627573696e657373342f75706c6f6164732f636869612f6f726967696e616c2f31582f363832373534646662353936653062346563303864633233343432636335613931393234313865332e706e6780ffff68a076a1900b6931f7bf5f07ab310733270838b040385f285423f49e2f5518867335ffff826d75ffc07068747470733a2f2f75667a79757635357969636d336576353663737471626d616179726b75646d6d6a7565797264336e6b6f6c61667862652e617277656176652e6e65742f6f582d2d4f4b56373343424d322d537666436c4f41574142694b714459784e4359695062564f574174776b80ffff826d68a044475cb971933e4545efad1337f3d68bc53523d987412df233f3b905ed1c5b3fffff826c75ffc06468747470733a2f2f62616679626569677a63617a7865753765706d6d3476746b756164727679737637346c627a7a626c3265767068746165366b3537796867796e70342e697066732e6e667473746f726167652e6c696e6b2f6c6963656e73652e70646680ffff826c68a02267456bd2cef8ebc2f22a42947b068bc3b138284a587feda2edfe07a3577f50ffff82736e21ffff8273746380ffff04ffff01a0fe8a4b4e27a2e29a4d3fc7ce9d527adbcaccbab6ada3903ccf3ba9a769d2d78bffff04ffff01ff02ffff01ff02ffff01ff02ff26ffff04ff02ffff04ff05ffff04ff17ffff04ff0bffff04ffff02ff2fff5f80ff80808080808080ffff04ffff01ffffff82ad4cff0233ffff3e04ff81f601ffffff0102ffff02ffff03ff05ffff01ff02ff2affff04ff02ffff04ff0dffff04ffff0bff32ffff0bff3cff3480ffff0bff32ffff0bff32ffff0bff3cff2280ff0980ffff0bff32ff0bffff0bff3cff8080808080ff8080808080ffff010b80ff0180ff04ffff04ff38ffff04ffff02ff36ffff04ff02ffff04ff05ffff04ff27ffff04ffff02ff2effff04ff02ffff04ffff02ffff03ff81afffff0181afffff010b80ff0180ff80808080ffff04ffff0bff3cff4f80ffff04ffff0bff3cff0580ff8080808080808080ff378080ff82016f80ffffff02ff3effff04ff02ffff04ff05ffff04ff0bffff04ff17ffff04ff2fffff04ff2fffff01ff80ff808080808080808080ff0bff32ffff0bff3cff2880ffff0bff32ffff0bff32ffff0bff3cff2280ff0580ffff0bff32ffff02ff2affff04ff02ffff04ff07ffff04ffff0bff3cff3c80ff8080808080ffff0bff3cff8080808080ffff02ffff03ffff07ff0580ffff01ff0bffff0102ffff02ff2effff04ff02ffff04ff09ff80808080ffff02ff2effff04ff02ffff04ff0dff8080808080ffff01ff0bffff0101ff058080ff0180ff02ffff03ff5fffff01ff02ffff03ffff09ff82011fff3880ffff01ff02ffff03ffff09ffff18ff82059f80ff3c80ffff01ff02ffff03ffff20ff81bf80ffff01ff02ff3effff04ff02ffff04ff05ffff04ff0bffff04ff17ffff04ff2fffff04ff81dfffff04ff82019fffff04ff82017fff80808080808080808080ffff01ff088080ff0180ffff01ff04ff819fffff02ff3effff04ff02ffff04ff05ffff04ff0bffff04ff17ffff04ff2fffff04ff81dfffff04ff81bfffff04ff82017fff808080808080808080808080ff0180ffff01ff02ffff03ffff09ff82011fff2c80ffff01ff02ffff03ffff20ff82017f80ffff01ff04ffff04ff24ffff04ffff0eff10ffff02ff2effff04ff02ffff04ff82019fff8080808080ff808080ffff02ff3effff04ff02ffff04ff05ffff04ff0bffff04ff17ffff04ff2fffff04ff81dfffff04ff81bfffff04ffff02ff0bffff04ff17ffff04ff2fffff04ff82019fff8080808080ff8080808080808080808080ffff01ff088080ff0180ffff01ff02ffff03ffff09ff82011fff2480ffff01ff02ffff03ffff20ffff02ffff03ffff09ffff0122ffff0dff82029f8080ffff01ff02ffff03ffff09ffff0cff82029fff80ffff010280ff1080ffff01ff0101ff8080ff0180ff8080ff018080ffff01ff04ff819fffff02ff3effff04ff02ffff04ff05ffff04ff0bffff04ff17ffff04ff2fffff04ff81dfffff04ff81bfffff04ff82017fff8080808080808080808080ffff01ff088080ff0180ffff01ff04ff819fffff02ff3effff04ff02ffff04ff05ffff04ff0bffff04ff17ffff04ff2fffff04ff81dfffff04ff81bfffff04ff82017fff808080808080808080808080ff018080ff018080ff0180ffff01ff02ff3affff04ff02ffff04ff05ffff04ff0bffff04ff81bfffff04ffff02ffff03ff82017fffff0182017fffff01ff02ff0bffff04ff17ffff04ff2fffff01ff808080808080ff0180ff8080808080808080ff0180ff018080ffff04ffff01a0c5abea79afaa001b5427dfa0c8cf42ca6f38f5841b78f9b3c252733eb2de2726ffff04ffff0180ffff04ffff01ff02ffff01ff02ffff01ff02ffff03ff81bfffff01ff04ff82013fffff04ff80ffff04ffff02ffff03ffff22ff82013fffff20ffff09ff82013fff2f808080ffff01ff04ffff04ff10ffff04ffff0bffff02ff2effff04ff02ffff04ff09ffff04ff8205bfffff04ffff02ff3effff04ff02ffff04ffff04ff09ffff04ff82013fff1d8080ff80808080ff808080808080ff1580ff808080ffff02ff16ffff04ff02ffff04ff0bffff04ff17ffff04ff8202bfffff04ff15ff8080808080808080ffff01ff02ff16ffff04ff02ffff04ff0bffff04ff17ffff04ff8202bfffff04ff15ff8080808080808080ff0180ff80808080ffff01ff04ff2fffff01ff80ff80808080ff0180ffff04ffff01ffffff3f02ff04ff0101ffff822710ff02ff02ffff03ff05ffff01ff02ff3affff04ff02ffff04ff0dffff04ffff0bff2affff0bff2cff1480ffff0bff2affff0bff2affff0bff2cff3c80ff0980ffff0bff2aff0bffff0bff2cff8080808080ff8080808080ffff010b80ff0180ffff02ffff03ff17ffff01ff04ffff04ff10ffff04ffff0bff81a7ffff02ff3effff04ff02ffff04ffff04ff2fffff04ffff04ff05ffff04ffff05ffff14ffff12ff47ff0b80ff128080ffff04ffff04ff05ff8080ff80808080ff808080ff8080808080ff808080ffff02ff16ffff04ff02ffff04ff05ffff04ff0bffff04ff37ffff04ff2fff8080808080808080ff8080ff0180ffff0bff2affff0bff2cff1880ffff0bff2affff0bff2affff0bff2cff3c80ff0580ffff0bff2affff02ff3affff04ff02ffff04ff07ffff04ffff0bff2cff2c80ff8080808080ffff0bff2cff8080808080ff02ffff03ffff07ff0580ffff01ff0bffff0102ffff02ff3effff04ff02ffff04ff09ff80808080ffff02ff3effff04ff02ffff04ff0dff8080808080ffff01ff0bffff0101ff058080ff0180ff018080ffff04ffff01ffa07faa3253bfddd1e0decb0906b2dc6247bbc4cf608f58345d173adb63e8b47c9fffa00d057ef629327bac46c3a56d79b41c75de100cf14fee51c1ffd518ff9c534f5fa0eff07522495060c066f66f32acc2a77e3a3e737aca8baea4d1a64ea4cdc13da9ffff04ffff01a07ed1a136bdb4016e62922e690b897e85ee1970f1caf63c1cbe27e4e32f776d10ffff04ffff018201f4ff0180808080ffff04ffff01ff02ffff01ff02ffff01ff02ffff03ff0bffff01ff02ffff03ffff09ff05ffff1dff0bffff1effff0bff0bffff02ff06ffff04ff02ffff04ff17ff8080808080808080ffff01ff02ff17ff2f80ffff01ff088080ff0180ffff01ff04ffff04ff04ffff04ff05ffff04ffff02ff06ffff04ff02ffff04ff17ff80808080ff80808080ffff02ff17ff2f808080ff0180ffff04ffff01ff32ff02ffff03ffff07ff0580ffff01ff0bffff0102ffff02ff06ffff04ff02ffff04ff09ff80808080ffff02ff06ffff04ff02ffff04ff0dff8080808080ffff01ff0bffff0101ff058080ff0180ff018080ffff04ffff01b0a0ea9df64dd859d6d7e648fec94b35ee0512670e68c0a83c520948dc164d817d39c402002db1cf716caa1335022c8338ff018080ff018080808080ff018080808080ff01808080",
      "solution": "0xffffa0a9b4b921264b687b2aad31c208da1a4d38e7aa36135aa892ea366f20ea0d0a5cff0180ff01ffffffff80ffff01ffff81f6ffa01c84a60040668152a11424c4629b7ea4e73a7ea055b78a3a88a7899f737ca150ff80ffa0a65fff47ef7b4cd349cfee218dc8a09a52735d2834766f1cf363955ee69c5f9a80ffff33ffa00eb720d9195ffe59684b62b12d54791be7ad3bb6207f5eb92e0e1b40ecbc1155ff01ffffa00eb720d9195ffe59684b62b12d54791be7ad3bb6207f5eb92e0e1b40ecbc1155ffa00eb720d9195ffe59684b62b12d54791be7ad3bb6207f5eb92e0e1b40ecbc1155808080ff8080808080",
    },
    Object {
      "coin": Object {
        "amount": 1n,
        "parent_coin_info": "0xbef07b4b7c05e8154e49f75d1146f849eaaba44c3795defb4b9545a6ccc1f39f",
        "puzzle_hash": "0x420d19cc56c2e037d37e9cc99dc85b8c7f6ad871371f0dc837829f91be5c17af",
      },
      "puzzle_reveal": "0xff02ffff01ff02ffff01ff02ffff03ffff18ff2fff3480ffff01ff04ffff04ff20ffff04ff2fff808080ffff04ffff02ff3effff04ff02ffff04ff05ffff04ffff02ff2affff04ff02ffff04ff27ffff04ffff02ffff03ff77ffff01ff02ff36ffff04ff02ffff04ff09ffff04ff57ffff04ffff02ff2effff04ff02ffff04ff05ff80808080ff808080808080ffff011d80ff0180ffff04ffff02ffff03ff77ffff0181b7ffff015780ff0180ff808080808080ffff04ff77ff808080808080ffff02ff3affff04ff02ffff04ff05ffff04ffff02ff0bff5f80ffff01ff8080808080808080ffff01ff088080ff0180ffff04ffff01ffffffff4947ff0233ffff0401ff0102ffffff20ff02ffff03ff05ffff01ff02ff32ffff04ff02ffff04ff0dffff04ffff0bff3cffff0bff34ff2480ffff0bff3cffff0bff3cffff0bff34ff2c80ff0980ffff0bff3cff0bffff0bff34ff8080808080ff8080808080ffff010b80ff0180ffff02ffff03ffff22ffff09ffff0dff0580ff2280ffff09ffff0dff0b80ff2280ffff15ff17ffff0181ff8080ffff01ff0bff05ff0bff1780ffff01ff088080ff0180ff02ffff03ff0bffff01ff02ffff03ffff02ff26ffff04ff02ffff04ff13ff80808080ffff01ff02ffff03ffff20ff1780ffff01ff02ffff03ffff09ff81b3ffff01818f80ffff01ff02ff3affff04ff02ffff04ff05ffff04ff1bffff04ff34ff808080808080ffff01ff04ffff04ff23ffff04ffff02ff36ffff04ff02ffff04ff09ffff04ff53ffff04ffff02ff2effff04ff02ffff04ff05ff80808080ff808080808080ff738080ffff02ff3affff04ff02ffff04ff05ffff04ff1bffff04ff34ff8080808080808080ff0180ffff01ff088080ff0180ffff01ff04ff13ffff02ff3affff04ff02ffff04ff05ffff04ff1bffff04ff17ff8080808080808080ff0180ffff01ff02ffff03ff17ff80ffff01ff088080ff018080ff0180ffffff02ffff03ffff09ff09ff3880ffff01ff02ffff03ffff18ff2dffff010180ffff01ff0101ff8080ff0180ff8080ff0180ff0bff3cffff0bff34ff2880ffff0bff3cffff0bff3cffff0bff34ff2c80ff0580ffff0bff3cffff02ff32ffff04ff02ffff04ff07ffff04ffff0bff34ff3480ff8080808080ffff0bff34ff8080808080ffff02ffff03ffff07ff0580ffff01ff0bffff0102ffff02ff2effff04ff02ffff04ff09ff80808080ffff02ff2effff04ff02ffff04ff0dff8080808080ffff01ff0bffff0101ff058080ff0180ff02ffff03ffff21ff17ffff09ff0bff158080ffff01ff04ff30ffff04ff0bff808080ffff01ff088080ff0180ff018080ffff04ffff01ffa07faa3253bfddd1e0decb0906b2dc6247bbc4cf608f58345d173adb63e8b47c9fffa01c84a60040668152a11424c4629b7ea4e73a7ea055b78a3a88a7899f737ca150a0eff07522495060c066f66f32acc2a77e3a3e737aca8baea4d1a64ea4cdc13da9ffff04ffff01ff02ffff01ff02ffff01ff02ffff03ff81bfffff01ff02ff05ff82017f80ffff01ff02ffff03ffff22ffff09ffff02ff7effff04ff02ffff04ff8217ffff80808080ff0b80ffff15ff17ff808080ffff01ff04ffff04ff28ffff04ff82017fff808080ffff04ffff04ff34ffff04ff8202ffffff04ff82017fffff04ffff04ff8202ffff8080ff8080808080ffff04ffff04ff38ffff04ff822fffff808080ffff02ff26ffff04ff02ffff04ff2fffff04ff17ffff04ff8217ffffff04ff822fffffff04ff8202ffffff04ff8205ffffff04ff820bffffff01ff8080808080808080808080808080ffff01ff088080ff018080ff0180ffff04ffff01ffffffff313dff4946ffff0233ff3c04ffffff0101ff02ff02ffff03ff05ffff01ff02ff3affff04ff02ffff04ff0dffff04ffff0bff2affff0bff22ff3c80ffff0bff2affff0bff2affff0bff22ff3280ff0980ffff0bff2aff0bffff0bff22ff8080808080ff8080808080ffff010b80ff0180ffffff02ffff03ff17ffff01ff02ffff03ff82013fffff01ff04ffff04ff30ffff04ffff0bffff0bffff02ff36ffff04ff02ffff04ff05ffff04ff27ffff04ff82023fffff04ff82053fffff04ff820b3fff8080808080808080ffff02ff7effff04ff02ffff04ffff02ff2effff04ff02ffff04ff2fffff04ff5fffff04ff82017fff808080808080ff8080808080ff2f80ff808080ffff02ff26ffff04ff02ffff04ff05ffff04ff0bffff04ff37ffff04ff2fffff04ff5fffff04ff8201bfffff04ff82017fffff04ffff10ff8202ffffff010180ff808080808080808080808080ffff01ff02ff26ffff04ff02ffff04ff05ffff04ff37ffff04ff2fffff04ff5fffff04ff8201bfffff04ff82017fffff04ff8202ffff8080808080808080808080ff0180ffff01ff02ffff03ffff15ff8202ffffff11ff0bffff01018080ffff01ff04ffff04ff20ffff04ff82017fffff04ff5fff80808080ff8080ffff01ff088080ff018080ff0180ff0bff17ffff02ff5effff04ff02ffff04ff09ffff04ff2fffff04ffff02ff7effff04ff02ffff04ffff04ff09ffff04ff0bff1d8080ff80808080ff808080808080ff5f80ffff04ffff0101ffff04ffff04ff2cffff04ff05ff808080ffff04ffff04ff20ffff04ff17ffff04ff0bff80808080ff80808080ffff0bff2affff0bff22ff2480ffff0bff2affff0bff2affff0bff22ff3280ff0580ffff0bff2affff02ff3affff04ff02ffff04ff07ffff04ffff0bff22ff2280ff8080808080ffff0bff22ff8080808080ff02ffff03ffff07ff0580ffff01ff0bffff0102ffff02ff7effff04ff02ffff04ff09ff80808080ffff02ff7effff04ff02ffff04ff0dff8080808080ffff01ff0bffff0101ff058080ff0180ff018080ffff04ffff01ff02ffff01ff02ffff01ff02ffff03ff0bffff01ff02ffff03ffff09ff05ffff1dff0bffff1effff0bff0bffff02ff06ffff04ff02ffff04ff17ff8080808080808080ffff01ff02ff17ff2f80ffff01ff088080ff0180ffff01ff04ffff04ff04ffff04ff05ffff04ffff02ff06ffff04ff02ffff04ff17ff80808080ff80808080ffff02ff17ff2f808080ff0180ffff04ffff01ff32ff02ffff03ffff07ff0580ffff01ff0bffff0102ffff02ff06ffff04ff02ffff04ff09ff80808080ffff02ff06ffff04ff02ffff04ff0dff8080808080ffff01ff0bffff0101ff058080ff0180ff018080ffff04ffff01b0a0ea9df64dd859d6d7e648fec94b35ee0512670e68c0a83c520948dc164d817d39c402002db1cf716caa1335022c8338ff018080ffff04ffff0180ffff04ffff0180ffff04ffff01ffa07faa3253bfddd1e0decb0906b2dc6247bbc4cf608f58345d173adb63e8b47c9fffa01c84a60040668152a11424c4629b7ea4e73a7ea055b78a3a88a7899f737ca150a0eff07522495060c066f66f32acc2a77e3a3e737aca8baea4d1a64ea4cdc13da9ffff04ffff0180ff01808080808080ff01808080",
      "solution": "0xffffa0ee719c85a02efd698ce3e76098a81bbb956898eb5b4081368f904f7c5e059cf2ffa0a65fff47ef7b4cd349cfee218dc8a09a52735d2834766f1cf363955ee69c5f9aff0180ff01ffff01ffff80ffff01ffff33ffa0a65fff47ef7b4cd349cfee218dc8a09a52735d2834766f1cf363955ee69c5f9aff01ffffa00eb720d9195ffe59684b62b12d54791be7ad3bb6207f5eb92e0e1b40ecbc11558080ffff3effa00d057ef629327bac46c3a56d79b41c75de100cf14fee51c1ffd518ff9c534f5f8080ff80808080",
    },
  ],
}
`;

exports[`Mint Nft: spendbundle 2`] = `
Object {
  "aggregated_signature": "0xab519391450ca1360623d1b9409ccf9fa9ef848a315eb263a6f3351ec7f0cd84eee596bd8e0757f04f33499da0a1a1fe172062d1987117f5498d497990815dab5c964735de569bc8013e7067cc2f81e00d6df1bbabf2282e3f7a8e87e35a5e5c",
  "coin_spends": Array [
    Object {
      "coin": Object {
        "amount": 4998999984n,
        "parent_coin_info": "0xf3b7d6d4bdd80b99c539f7ca900288f5dc2ac8fb23559656e981761e90b2fe71",
        "puzzle_hash": "0x0eb720d9195ffe59684b62b12d54791be7ad3bb6207f5eb92e0e1b40ecbc1155",
      },
      "puzzle_reveal": "0xff02ffff01ff02ffff01ff02ffff03ff0bffff01ff02ffff03ffff09ff05ffff1dff0bffff1effff0bff0bffff02ff06ffff04ff02ffff04ff17ff8080808080808080ffff01ff02ff17ff2f80ffff01ff088080ff0180ffff01ff04ffff04ff04ffff04ff05ffff04ffff02ff06ffff04ff02ffff04ff17ff80808080ff80808080ffff02ff17ff2f808080ff0180ffff04ffff01ff32ff02ffff03ffff07ff0580ffff01ff0bffff0102ffff02ff06ffff04ff02ffff04ff09ff80808080ffff02ff06ffff04ff02ffff04ff0dff8080808080ffff01ff0bffff0101ff058080ff0180ff018080ffff04ffff01b0a0ea9df64dd859d6d7e648fec94b35ee0512670e68c0a83c520948dc164d817d39c402002db1cf716caa1335022c8338ff018080",
      "solution": "0xff80ffff01ffff33ffa0eff07522495060c066f66f32acc2a77e3a3e737aca8baea4d1a64ea4cdc13da9ff0180ffff33ffa00eb720d9195ffe59684b62b12d54791be7ad3bb6207f5eb92e0e1b40ecbc1155ff850129f68cf68080ff8080",
    },
    Object {
      "coin": Object {
        "amount": 1n,
        "parent_coin_info": "0xa9b4b921264b687b2aad31c208da1a4d38e7aa36135aa892ea366f20ea0d0a5c",
        "puzzle_hash": "0xeff07522495060c066f66f32acc2a77e3a3e737aca8baea4d1a64ea4cdc13da9",
      },
      "puzzle_reveal": "0xff02ffff01ff04ffff04ff04ffff04ff05ffff04ff0bff80808080ffff04ffff04ff0affff04ffff02ff0effff04ff02ffff04ffff04ff05ffff04ff0bffff04ff17ff80808080ff80808080ff808080ff808080ffff04ffff01ff33ff3cff02ffff03ffff07ff0580ffff01ff0bffff0102ffff02ff0effff04ff02ffff04ff09ff80808080ffff02ff0effff04ff02ffff04ff0dff8080808080ffff01ff0bffff0101ff058080ff0180ff018080",
      "solution": "0xffa0364b1ffe78c924d60f5edf18577184c048fe0440a8a3c44afb58be457913fb4bff01ff8080",
    },
    Object {
      "coin": Object {
        "amount": 1n,
        "parent_coin_info": "0x0d057ef629327bac46c3a56d79b41c75de100cf14fee51c1ffd518ff9c534f5f",
        "puzzle_hash": "0x364b1ffe78c924d60f5edf18577184c048fe0440a8a3c44afb58be457913fb4b",
      },
      "puzzle_reveal": "0xff02ffff01ff02ffff01ff02ffff03ffff18ff2fff3480ffff01ff04ffff04ff20ffff04ff2fff808080ffff04ffff02ff3effff04ff02ffff04ff05ffff04ffff02ff2affff04ff02ffff04ff27ffff04ffff02ffff03ff77ffff01ff02ff36ffff04ff02ffff04ff09ffff04ff57ffff04ffff02ff2effff04ff02ffff04ff05ff80808080ff808080808080ffff011d80ff0180ffff04ffff02ffff03ff77ffff0181b7ffff015780ff0180ff808080808080ffff04ff77ff808080808080ffff02ff3affff04ff02ffff04ff05ffff04ffff02ff0bff5f80ffff01ff8080808080808080ffff01ff088080ff0180ffff04ffff01ffffffff4947ff0233ffff0401ff0102ffffff20ff02ffff03ff05ffff01ff02ff32ffff04ff02ffff04ff0dffff04ffff0bff3cffff0bff34ff2480ffff0bff3cffff0bff3cffff0bff34ff2c80ff0980ffff0bff3cff0bffff0bff34ff8080808080ff8080808080ffff010b80ff0180ffff02ffff03ffff22ffff09ffff0dff0580ff2280ffff09ffff0dff0b80ff2280ffff15ff17ffff0181ff8080ffff01ff0bff05ff0bff1780ffff01ff088080ff0180ff02ffff03ff0bffff01ff02ffff03ffff02ff26ffff04ff02ffff04ff13ff80808080ffff01ff02ffff03ffff20ff1780ffff01ff02ffff03ffff09ff81b3ffff01818f80ffff01ff02ff3affff04ff02ffff04ff05ffff04ff1bffff04ff34ff808080808080ffff01ff04ffff04ff23ffff04ffff02ff36ffff04ff02ffff04ff09ffff04ff53ffff04ffff02ff2effff04ff02ffff04ff05ff80808080ff808080808080ff738080ffff02ff3affff04ff02ffff04ff05ffff04ff1bffff04ff34ff8080808080808080ff0180ffff01ff088080ff0180ffff01ff04ff13ffff02ff3affff04ff02ffff04ff05ffff04ff1bffff04ff17ff8080808080808080ff0180ffff01ff02ffff03ff17ff80ffff01ff088080ff018080ff0180ffffff02ffff03ffff09ff09ff3880ffff01ff02ffff03ffff18ff2dffff010180ffff01ff0101ff8080ff0180ff8080ff0180ff0bff3cffff0bff34ff2880ffff0bff3cffff0bff3cffff0bff34ff2c80ff0580ffff0bff3cffff02ff32ffff04ff02ffff04ff07ffff04ffff0bff34ff3480ff8080808080ffff0bff34ff8080808080ffff02ffff03ffff07ff0580ffff01ff0bffff0102ffff02ff2effff04ff02ffff04ff09ff80808080ffff02ff2effff04ff02ffff04ff0dff8080808080ffff01ff0bffff0101ff058080ff0180ff02ffff03ffff21ff17ffff09ff0bff158080ffff01ff04ff30ffff04ff0bff808080ffff01ff088080ff0180ff018080ffff04ffff01ffa07faa3253bfddd1e0decb0906b2dc6247bbc4cf608f58345d173adb63e8b47c9fffa00d057ef629327bac46c3a56d79b41c75de100cf14fee51c1ffd518ff9c534f5fa0eff07522495060c066f66f32acc2a77e3a3e737aca8baea4d1a64ea4cdc13da9ffff04ffff01ff02ffff01ff02ffff01ff02ff3effff04ff02ffff04ff05ffff04ffff02ff2fff5f80ffff04ff80ffff04ffff04ffff04ff0bffff04ff17ff808080ffff01ff808080ffff01ff8080808080808080ffff04ffff01ffffff0233ff04ff0101ffff02ff02ffff03ff05ffff01ff02ff1affff04ff02ffff04ff0dffff04ffff0bff12ffff0bff2cff1480ffff0bff12ffff0bff12ffff0bff2cff3c80ff0980ffff0bff12ff0bffff0bff2cff8080808080ff8080808080ffff010b80ff0180ffff0bff12ffff0bff2cff1080ffff0bff12ffff0bff12ffff0bff2cff3c80ff0580ffff0bff12ffff02ff1affff04ff02ffff04ff07ffff04ffff0bff2cff2c80ff8080808080ffff0bff2cff8080808080ffff02ffff03ffff07ff0580ffff01ff0bffff0102ffff02ff2effff04ff02ffff04ff09ff80808080ffff02ff2effff04ff02ffff04ff0dff8080808080ffff01ff0bffff0101ff058080ff0180ff02ffff03ff0bffff01ff02ffff03ffff09ff23ff1880ffff01ff02ffff03ffff18ff81b3ff2c80ffff01ff02ffff03ffff20ff1780ffff01ff02ff3effff04ff02ffff04ff05ffff04ff1bffff04ff33ffff04ff2fffff04ff5fff8080808080808080ffff01ff088080ff0180ffff01ff04ff13ffff02ff3effff04ff02ffff04ff05ffff04ff1bffff04ff17ffff04ff2fffff04ff5fff80808080808080808080ff0180ffff01ff02ffff03ffff09ff23ffff0181e880ffff01ff02ff3effff04ff02ffff04ff05ffff04ff1bffff04ff17ffff04ffff02ffff03ffff22ffff09ffff02ff2effff04ff02ffff04ff53ff80808080ff82014f80ffff20ff5f8080ffff01ff02ff53ffff04ff818fffff04ff82014fffff04ff81b3ff8080808080ffff01ff088080ff0180ffff04ff2cff8080808080808080ffff01ff04ff13ffff02ff3effff04ff02ffff04ff05ffff04ff1bffff04ff17ffff04ff2fffff04ff5fff80808080808080808080ff018080ff0180ffff01ff04ffff04ff18ffff04ffff02ff16ffff04ff02ffff04ff05ffff04ff27ffff04ffff0bff2cff82014f80ffff04ffff02ff2effff04ff02ffff04ff818fff80808080ffff04ffff0bff2cff0580ff8080808080808080ff378080ff81af8080ff0180ff018080ffff04ffff01a0a04d9f57764f54a43e4030befb4d80026e870519aaa66334aef8304f5d0393c2ffff04ffff01ffff75ffc06e68747470733a2f2f617773312e646973636f757273652d63646e2e636f6d2f627573696e657373342f75706c6f6164732f636869612f6f726967696e616c2f31582f363832373534646662353936653062346563303864633233343432636335613931393234313865332e706e6780ffff68a076a1900b6931f7bf5f07ab310733270838b040385f285423f49e2f5518867335ffff826d75ffc07068747470733a2f2f75667a79757635357969636d336576353663737471626d616179726b75646d6d6a7565797264336e6b6f6c61667862652e617277656176652e6e65742f6f582d2d4f4b56373343424d322d537666436c4f41574142694b714459784e4359695062564f574174776b80ffff826d68a044475cb971933e4545efad1337f3d68bc53523d987412df233f3b905ed1c5b3fffff826c75ffc06468747470733a2f2f62616679626569677a63617a7865753765706d6d3476746b756164727679737637346c627a7a626c3265767068746165366b3537796867796e70342e697066732e6e667473746f726167652e6c696e6b2f6c6963656e73652e70646680ffff826c68a02267456bd2cef8ebc2f22a42947b068bc3b138284a587feda2edfe07a3577f50ffff82736e21ffff8273746380ffff04ffff01a0fe8a4b4e27a2e29a4d3fc7ce9d527adbcaccbab6ada3903ccf3ba9a769d2d78bffff04ffff01ff02ffff01ff02ffff01ff02ff26ffff04ff02ffff04ff05ffff04ff17ffff04ff0bffff04ffff02ff2fff5f80ff80808080808080ffff04ffff01ffffff82ad4cff0233ffff3e04ff81f601ffffff0102ffff02ffff03ff05ffff01ff02ff2affff04ff02ffff04ff0dffff04ffff0bff32ffff0bff3cff3480ffff0bff32ffff0bff32ffff0bff3cff2280ff0980ffff0bff32ff0bffff0bff3cff8080808080ff8080808080ffff010b80ff0180ff04ffff04ff38ffff04ffff02ff36ffff04ff02ffff04ff05ffff04ff27ffff04ffff02ff2effff04ff02ffff04ffff02ffff03ff81afffff0181afffff010b80ff0180ff80808080ffff04ffff0bff3cff4f80ffff04ffff0bff3cff0580ff8080808080808080ff378080ff82016f80ffffff02ff3effff04ff02ffff04ff05ffff04ff0bffff04ff17ffff04ff2fffff04ff2fffff01ff80ff808080808080808080ff0bff32ffff0bff3cff2880ffff0bff32ffff0bff32ffff0bff3cff2280ff0580ffff0bff32ffff02ff2affff04ff02ffff04ff07ffff04ffff0bff3cff3c80ff8080808080ffff0bff3cff8080808080ffff02ffff03ffff07ff0580ffff01ff0bffff0102ffff02ff2effff04ff02ffff04ff09ff80808080ffff02ff2effff04ff02ffff04ff0dff8080808080ffff01ff0bffff0101ff058080ff0180ff02ffff03ff5fffff01ff02ffff03ffff09ff82011fff3880ffff01ff02ffff03ffff09ffff18ff82059f80ff3c80ffff01ff02ffff03ffff20ff81bf80ffff01ff02ff3effff04ff02ffff04ff05ffff04ff0bffff04ff17ffff04ff2fffff04ff81dfffff04ff82019fffff04ff82017fff80808080808080808080ffff01ff088080ff0180ffff01ff04ff819fffff02ff3effff04ff02ffff04ff05ffff04ff0bffff04ff17ffff04ff2fffff04ff81dfffff04ff81bfffff04ff82017fff808080808080808080808080ff0180ffff01ff02ffff03ffff09ff82011fff2c80ffff01ff02ffff03ffff20ff82017f80ffff01ff04ffff04ff24ffff04ffff0eff10ffff02ff2effff04ff02ffff04ff82019fff8080808080ff808080ffff02ff3effff04ff02ffff04ff05ffff04ff0bffff04ff17ffff04ff2fffff04ff81dfffff04ff81bfffff04ffff02ff0bffff04ff17ffff04ff2fffff04ff82019fff8080808080ff8080808080808080808080ffff01ff088080ff0180ffff01ff02ffff03ffff09ff82011fff2480ffff01ff02ffff03ffff20ffff02ffff03ffff09ffff0122ffff0dff82029f8080ffff01ff02ffff03ffff09ffff0cff82029fff80ffff010280ff1080ffff01ff0101ff8080ff0180ff8080ff018080ffff01ff04ff819fffff02ff3effff04ff02ffff04ff05ffff04ff0bffff04ff17ffff04ff2fffff04ff81dfffff04ff81bfffff04ff82017fff8080808080808080808080ffff01ff088080ff0180ffff01ff04ff819fffff02ff3effff04ff02ffff04ff05ffff04ff0bffff04ff17ffff04ff2fffff04ff81dfffff04ff81bfffff04ff82017fff808080808080808080808080ff018080ff018080ff0180ffff01ff02ff3affff04ff02ffff04ff05ffff04ff0bffff04ff81bfffff04ffff02ffff03ff82017fffff0182017fffff01ff02ff0bffff04ff17ffff04ff2fffff01ff808080808080ff0180ff8080808080808080ff0180ff018080ffff04ffff01a0c5abea79afaa001b5427dfa0c8cf42ca6f38f5841b78f9b3c252733eb2de2726ffff04ffff0180ffff04ffff01ff02ffff01ff02ffff01ff02ffff03ff81bfffff01ff04ff82013fffff04ff80ffff04ffff02ffff03ffff22ff82013fffff20ffff09ff82013fff2f808080ffff01ff04ffff04ff10ffff04ffff0bffff02ff2effff04ff02ffff04ff09ffff04ff8205bfffff04ffff02ff3effff04ff02ffff04ffff04ff09ffff04ff82013fff1d8080ff80808080ff808080808080ff1580ff808080ffff02ff16ffff04ff02ffff04ff0bffff04ff17ffff04ff8202bfffff04ff15ff8080808080808080ffff01ff02ff16ffff04ff02ffff04ff0bffff04ff17ffff04ff8202bfffff04ff15ff8080808080808080ff0180ff80808080ffff01ff04ff2fffff01ff80ff80808080ff0180ffff04ffff01ffffff3f02ff04ff0101ffff822710ff02ff02ffff03ff05ffff01ff02ff3affff04ff02ffff04ff0dffff04ffff0bff2affff0bff2cff1480ffff0bff2affff0bff2affff0bff2cff3c80ff0980ffff0bff2aff0bffff0bff2cff8080808080ff8080808080ffff010b80ff0180ffff02ffff03ff17ffff01ff04ffff04ff10ffff04ffff0bff81a7ffff02ff3effff04ff02ffff04ffff04ff2fffff04ffff04ff05ffff04ffff05ffff14ffff12ff47ff0b80ff128080ffff04ffff04ff05ff8080ff80808080ff808080ff8080808080ff808080ffff02ff16ffff04ff02ffff04ff05ffff04ff0bffff04ff37ffff04ff2fff8080808080808080ff8080ff0180ffff0bff2affff0bff2cff1880ffff0bff2affff0bff2affff0bff2cff3c80ff0580ffff0bff2affff02ff3affff04ff02ffff04ff07ffff04ffff0bff2cff2c80ff8080808080ffff0bff2cff8080808080ff02ffff03ffff07ff0580ffff01ff0bffff0102ffff02ff3effff04ff02ffff04ff09ff80808080ffff02ff3effff04ff02ffff04ff0dff8080808080ffff01ff0bffff0101ff058080ff0180ff018080ffff04ffff01ffa07faa3253bfddd1e0decb0906b2dc6247bbc4cf608f58345d173adb63e8b47c9fffa00d057ef629327bac46c3a56d79b41c75de100cf14fee51c1ffd518ff9c534f5fa0eff07522495060c066f66f32acc2a77e3a3e737aca8baea4d1a64ea4cdc13da9ffff04ffff01a07ed1a136bdb4016e62922e690b897e85ee1970f1caf63c1cbe27e4e32f776d10ffff04ffff018201f4ff0180808080ffff04ffff01ff02ffff01ff02ffff01ff02ffff03ff0bffff01ff02ffff03ffff09ff05ffff1dff0bffff1effff0bff0bffff02ff06ffff04ff02ffff04ff17ff8080808080808080ffff01ff02ff17ff2f80ffff01ff088080ff0180ffff01ff04ffff04ff04ffff04ff05ffff04ffff02ff06ffff04ff02ffff04ff17ff80808080ff80808080ffff02ff17ff2f808080ff0180ffff04ffff01ff32ff02ffff03ffff07ff0580ffff01ff0bffff0102ffff02ff06ffff04ff02ffff04ff09ff80808080ffff02ff06ffff04ff02ffff04ff0dff8080808080ffff01ff0bffff0101ff058080ff0180ff018080ffff04ffff01b0a0ea9df64dd859d6d7e648fec94b35ee0512670e68c0a83c520948dc164d817d39c402002db1cf716caa1335022c8338ff018080ff018080808080ff018080808080ff01808080",
      "solution": "0xffffa0a9b4b921264b687b2aad31c208da1a4d38e7aa36135aa892ea366f20ea0d0a5cff0180ff01ffffffff80ffff01ffff81f6ffa01c84a60040668152a11424c4629b7ea4e73a7ea055b78a3a88a7899f737ca150ff80ffa0a65fff47ef7b4cd349cfee218dc8a09a52735d2834766f1cf363955ee69c5f9a80ffff33ffa00eb720d9195ffe59684b62b12d54791be7ad3bb6207f5eb92e0e1b40ecbc1155ff01ffffa00eb720d9195ffe59684b62b12d54791be7ad3bb6207f5eb92e0e1b40ecbc1155ffa00eb720d9195ffe59684b62b12d54791be7ad3bb6207f5eb92e0e1b40ecbc1155808080ff8080808080",
    },
    Object {
      "coin": Object {
        "amount": 1n,
        "parent_coin_info": "0xbef07b4b7c05e8154e49f75d1146f849eaaba44c3795defb4b9545a6ccc1f39f",
        "puzzle_hash": "0x420d19cc56c2e037d37e9cc99dc85b8c7f6ad871371f0dc837829f91be5c17af",
      },
      "puzzle_reveal": "0xff02ffff01ff02ffff01ff02ffff03ffff18ff2fff3480ffff01ff04ffff04ff20ffff04ff2fff808080ffff04ffff02ff3effff04ff02ffff04ff05ffff04ffff02ff2affff04ff02ffff04ff27ffff04ffff02ffff03ff77ffff01ff02ff36ffff04ff02ffff04ff09ffff04ff57ffff04ffff02ff2effff04ff02ffff04ff05ff80808080ff808080808080ffff011d80ff0180ffff04ffff02ffff03ff77ffff0181b7ffff015780ff0180ff808080808080ffff04ff77ff808080808080ffff02ff3affff04ff02ffff04ff05ffff04ffff02ff0bff5f80ffff01ff8080808080808080ffff01ff088080ff0180ffff04ffff01ffffffff4947ff0233ffff0401ff0102ffffff20ff02ffff03ff05ffff01ff02ff32ffff04ff02ffff04ff0dffff04ffff0bff3cffff0bff34ff2480ffff0bff3cffff0bff3cffff0bff34ff2c80ff0980ffff0bff3cff0bffff0bff34ff8080808080ff8080808080ffff010b80ff0180ffff02ffff03ffff22ffff09ffff0dff0580ff2280ffff09ffff0dff0b80ff2280ffff15ff17ffff0181ff8080ffff01ff0bff05ff0bff1780ffff01ff088080ff0180ff02ffff03ff0bffff01ff02ffff03ffff02ff26ffff04ff02ffff04ff13ff80808080ffff01ff02ffff03ffff20ff1780ffff01ff02ffff03ffff09ff81b3ffff01818f80ffff01ff02ff3affff04ff02ffff04ff05ffff04ff1bffff04ff34ff808080808080ffff01ff04ffff04ff23ffff04ffff02ff36ffff04ff02ffff04ff09ffff04ff53ffff04ffff02ff2effff04ff02ffff04ff05ff80808080ff808080808080ff738080ffff02ff3affff04ff02ffff04ff05ffff04ff1bffff04ff34ff8080808080808080ff0180ffff01ff088080ff0180ffff01ff04ff13ffff02ff3affff04ff02ffff04ff05ffff04ff1bffff04ff17ff8080808080808080ff0180ffff01ff02ffff03ff17ff80ffff01ff088080ff018080ff0180ffffff02ffff03ffff09ff09ff3880ffff01ff02ffff03ffff18ff2dffff010180ffff01ff0101ff8080ff0180ff8080ff0180ff0bff3cffff0bff34ff2880ffff0bff3cffff0bff3cffff0bff34ff2c80ff0580ffff0bff3cffff02ff32ffff04ff02ffff04ff07ffff04ffff0bff34ff3480ff8080808080ffff0bff34ff8080808080ffff02ffff03ffff07ff0580ffff01ff0bffff0102ffff02ff2effff04ff02ffff04ff09ff80808080ffff02ff2effff04ff02ffff04ff0dff8080808080ffff01ff0bffff0101ff058080ff0180ff02ffff03ffff21ff17ffff09ff0bff158080ffff01ff04ff30ffff04ff0bff808080ffff01ff088080ff0180ff018080ffff04ffff01ffa07faa3253bfddd1e0decb0906b2dc6247bbc4cf608f58345d173adb63e8b47c9fffa01c84a60040668152a11424c4629b7ea4e73a7ea055b78a3a88a7899f737ca150a0eff07522495060c066f66f32acc2a77e3a3e737aca8baea4d1a64ea4cdc13da9ffff04ffff01ff02ffff01ff02ffff01ff02ffff03ff81bfffff01ff02ff05ff82017f80ffff01ff02ffff03ffff22ffff09ffff02ff7effff04ff02ffff04ff8217ffff80808080ff0b80ffff15ff17ff808080ffff01ff04ffff04ff28ffff04ff82017fff808080ffff04ffff04ff34ffff04ff8202ffffff04ff82017fffff04ffff04ff8202ffff8080ff8080808080ffff04ffff04ff38ffff04ff822fffff808080ffff02ff26ffff04ff02ffff04ff2fffff04ff17ffff04ff8217ffffff04ff822fffffff04ff8202ffffff04ff8205ffffff04ff820bffffff01ff8080808080808080808080808080ffff01ff088080ff018080ff0180ffff04ffff01ffffffff313dff4946ffff0233ff3c04ffffff0101ff02ff02ffff03ff05ffff01ff02ff3affff04ff02ffff04ff0dffff04ffff0bff2affff0bff22ff3c80ffff0bff2affff0bff2affff0bff22ff3280ff0980ffff0bff2aff0bffff0bff22ff8080808080ff8080808080ffff010b80ff0180ffffff02ffff03ff17ffff01ff02ffff03ff82013fffff01ff04ffff04ff30ffff04ffff0bffff0bffff02ff36ffff04ff02ffff04ff05ffff04ff27ffff04ff82023fffff04ff82053fffff04ff820b3fff8080808080808080ffff02ff7effff04ff02ffff04ffff02ff2effff04ff02ffff04ff2fffff04ff5fffff04ff82017fff808080808080ff8080808080ff2f80ff808080ffff02ff26ffff04ff02ffff04ff05ffff04ff0bffff04ff37ffff04ff2fffff04ff5fffff04ff8201bfffff04ff82017fffff04ffff10ff8202ffffff010180ff808080808080808080808080ffff01ff02ff26ffff04ff02ffff04ff05ffff04ff37ffff04ff2fffff04ff5fffff04ff8201bfffff04ff82017fffff04ff8202ffff8080808080808080808080ff0180ffff01ff02ffff03ffff15ff8202ffffff11ff0bffff01018080ffff01ff04ffff04ff20ffff04ff82017fffff04ff5fff80808080ff8080ffff01ff088080ff018080ff0180ff0bff17ffff02ff5effff04ff02ffff04ff09ffff04ff2fffff04ffff02ff7effff04ff02ffff04ffff04ff09ffff04ff0bff1d8080ff80808080ff808080808080ff5f80ffff04ffff0101ffff04ffff04ff2cffff04ff05ff808080ffff04ffff04ff20ffff04ff17ffff04ff0bff80808080ff80808080ffff0bff2affff0bff22ff2480ffff0bff2affff0bff2affff0bff22ff3280ff0580ffff0bff2affff02ff3affff04ff02ffff04ff07ffff04ffff0bff22ff2280ff8080808080ffff0bff22ff8080808080ff02ffff03ffff07ff0580ffff01ff0bffff0102ffff02ff7effff04ff02ffff04ff09ff80808080ffff02ff7effff04ff02ffff04ff0dff8080808080ffff01ff0bffff0101ff058080ff0180ff018080ffff04ffff01ff02ffff01ff02ffff01ff02ffff03ff0bffff01ff02ffff03ffff09ff05ffff1dff0bffff1effff0bff0bffff02ff06ffff04ff02ffff04ff17ff8080808080808080ffff01ff02ff17ff2f80ffff01ff088080ff0180ffff01ff04ffff04ff04ffff04ff05ffff04ffff02ff06ffff04ff02ffff04ff17ff80808080ff80808080ffff02ff17ff2f808080ff0180ffff04ffff01ff32ff02ffff03ffff07ff0580ffff01ff0bffff0102ffff02ff06ffff04ff02ffff04ff09ff80808080ffff02ff06ffff04ff02ffff04ff0dff8080808080ffff01ff0bffff0101ff058080ff0180ff018080ffff04ffff01b0a0ea9df64dd859d6d7e648fec94b35ee0512670e68c0a83c520948dc164d817d39c402002db1cf716caa1335022c8338ff018080ffff04ffff0180ffff04ffff0180ffff04ffff01ffa07faa3253bfddd1e0decb0906b2dc6247bbc4cf608f58345d173adb63e8b47c9fffa01c84a60040668152a11424c4629b7ea4e73a7ea055b78a3a88a7899f737ca150a0eff07522495060c066f66f32acc2a77e3a3e737aca8baea4d1a64ea4cdc13da9ffff04ffff0180ff01808080808080ff01808080",
      "solution": "0xffffa0ee719c85a02efd698ce3e76098a81bbb956898eb5b4081368f904f7c5e059cf2ffa0a65fff47ef7b4cd349cfee218dc8a09a52735d2834766f1cf363955ee69c5f9aff0180ff01ffff01ffff80ffff01ffff33ffa0a65fff47ef7b4cd349cfee218dc8a09a52735d2834766f1cf363955ee69c5f9aff01ffffa00eb720d9195ffe59684b62b12d54791be7ad3bb6207f5eb92e0e1b40ecbc11558080ffff3effa00d057ef629327bac46c3a56d79b41c75de100cf14fee51c1ffd518ff9c534f5f8080ff80808080",
    },
  ],
}
`;
