// Jest Snapshot v1, https://goo.gl/fbAQLP

exports[`Analyze Did: did analysis 1`] = `
Object {
  "coin": Object {
    "amount": 1n,
    "parent_coin_info": "0x3a004a7c4e900167f0807ed53cbbe3c2ca66d0edbeba2fa243aa849d2babd909",
    "puzzle_hash": "0x86299c8970ffcaa41e38aca6f11739402206cd9e6934f5f320f460d35a00cd33",
  },
  "didInnerPuzzleHash": "c80cb3644de1c9921520227e3c5bd7550709d602cce38c6887cc52538586635d",
  "hintPuzzle": "0x0eb720d9195ffe59684b62b12d54791be7ad3bb6207f5eb92e0e1b40ecbc1155",
  "launcherId": "0x3a004a7c4e900167f0807ed53cbbe3c2ca66d0edbeba2fa243aa849d2babd909",
  "launcherPuzzleHash": "0xeff07522495060c066f66f32acc2a77e3a3e737aca8baea4d1a64ea4cdc13da9",
  "metadata": Object {},
  "nextCoinName": "0x632efa1d522090074d45e365e8988b001de48b2e9f700d20ff0c4931f78f2fab",
  "num_verifications_requried": "()",
  "p2InnerPuzzle": "(a (q 2 (q 2 (i 11 (q 2 (i (= 5 (point_add 11 (pubkey_for_exp (sha256 11 (a 6 (c 2 (c 23 ()))))))) (q 2 23 47) (q 8)) 1) (q 4 (c 4 (c 5 (c (a 6 (c 2 (c 23 ()))) ()))) (a 23 47))) 1) (c (q 50 2 (i (l 5) (q 11 (q . 2) (a 6 (c 2 (c 9 ()))) (a 6 (c 2 (c 13 ())))) (q 11 (q . 1) 5)) 1) 1)) (c (q . 0xa0ea9df64dd859d6d7e648fec94b35ee0512670e68c0a83c520948dc164d817d39c402002db1cf716caa1335022c8338) 1))",
  "rawMetadata": "()",
  "rawPuzzle": "(a (q 2 (q 2 (i (logand 47 52) (q 4 (c 32 (c 47 ())) (c (a 62 (c 2 (c 5 (c (a 42 (c 2 (c 39 (c (a (i 119 (q 2 54 (c 2 (c 9 (c 87 (c (a 46 (c 2 (c 5 ()))) ()))))) (q . 29)) 1) (c (a (i 119 (q . -73) (q . 87)) 1) ()))))) (c 119 ()))))) (a 58 (c 2 (c 5 (c (a 11 95) (q ()))))))) (q 8)) 1) (c (q (((73 . 71) 2 . 51) (c . 1) 1 . 2) ((not 2 (i 5 (q 2 50 (c 2 (c 13 (c (sha256 60 (sha256 52 36) (sha256 60 (sha256 60 (sha256 52 44) 9) (sha256 60 11 (sha256 52 ())))) ())))) (q . 11)) 1) (a (i (all (= (strlen 5) 34) (= (strlen 11) 34) (> 23 (q . -1))) (q 11 5 11 23) (q 8)) 1) 2 (i 11 (q 2 (i (a 38 (c 2 (c 19 ()))) (q 2 (i (not 23) (q 2 (i (= -77 (q . -113)) (q 2 58 (c 2 (c 5 (c 27 (c 52 ()))))) (q 4 (c 35 (c (a 54 (c 2 (c 9 (c 83 (c (a 46 (c 2 (c 5 ()))) ()))))) 115)) (a 58 (c 2 (c 5 (c 27 (c 52 ()))))))) 1) (q 8)) 1) (q 4 19 (a 58 (c 2 (c 5 (c 27 (c 23 ()))))))) 1) (q 2 (i 23 () (q 8)) 1)) 1) ((a (i (= 9 56) (q 2 (i (logand 45 (q . 1)) (q 1 . 1) ()) 1) ()) 1) 11 60 (sha256 52 40) (sha256 60 (sha256 60 (sha256 52 44) 5) (sha256 60 (a 50 (c 2 (c 7 (c (sha256 52 52) ())))) (sha256 52 ())))) (a (i (l 5) (q 11 (q . 2) (a 46 (c 2 (c 9 ()))) (a 46 (c 2 (c 13 ())))) (q 11 (q . 1) 5)) 1) 2 (i (any 23 (= 11 21)) (q 4 48 (c 11 ())) (q 8)) 1) 1)) (c (q 0x7faa3253bfddd1e0decb0906b2dc6247bbc4cf608f58345d173adb63e8b47c9f 0x3a004a7c4e900167f0807ed53cbbe3c2ca66d0edbeba2fa243aa849d2babd909 . 0xeff07522495060c066f66f32acc2a77e3a3e737aca8baea4d1a64ea4cdc13da9) (c (q 2 (q 2 (q 2 (i -65 (q 2 5 383) (q 2 (i (all (= (a 126 (c 2 (c 6143 ()))) 11) (> 23 ())) (q 4 (c 40 (c 383 ())) (c (c 52 (c 767 (c 383 (c (c 767 ()) ())))) (c (c 56 (c 12287 ())) (a 38 (c 2 (c 47 (c 23 (c 6143 (c 12287 (c 767 (c 1535 (c 3071 (q ()))))))))))))) (q 8)) 1)) 1) (c (q (((49 . 61) 73 . 70) (a . 51) 60 . 4) ((q . 1) 2 2 (i 5 (q 2 58 (c 2 (c 13 (c (sha256 42 (sha256 34 60) (sha256 42 (sha256 42 (sha256 34 50) 9) (sha256 42 11 (sha256 34 ())))) ())))) (q . 11)) 1) ((a (i 23 (q 2 (i 319 (q 4 (c 48 (c (sha256 (sha256 (a 54 (c 2 (c 5 (c 39 (c 575 (c 1343 (c 2879 ()))))))) (a 126 (c 2 (c (a 46 (c 2 (c 47 (c 95 (c 383 ()))))) ())))) 47) ())) (a 38 (c 2 (c 5 (c 11 (c 55 (c 47 (c 95 (c 447 (c 383 (c (+ 767 (q . 1)) ()))))))))))) (q 2 38 (c 2 (c 5 (c 55 (c 47 (c 95 (c 447 (c 383 (c 767 ())))))))))) 1) (q 2 (i (> 767 (- 11 (q . 1))) (q 4 (c 32 (c 383 (c 95 ()))) ()) (q 8)) 1)) 1) 11 23 (a 94 (c 2 (c 9 (c 47 (c (a 126 (c 2 (c (c 9 (c 11 29)) ()))) ()))))) 95) (c (q . 1) (c (c 44 (c 5 ())) (c (c 32 (c 23 (c 11 ()))) ()))) (sha256 42 (sha256 34 36) (sha256 42 (sha256 42 (sha256 34 50) 5) (sha256 42 (a 58 (c 2 (c 7 (c (sha256 34 34) ())))) (sha256 34 ())))) 2 (i (l 5) (q 11 (q . 2) (a 126 (c 2 (c 9 ()))) (a 126 (c 2 (c 13 ())))) (q 11 (q . 1) 5)) 1) 1)) (c (q 2 (q 2 (q 2 (i 11 (q 2 (i (= 5 (point_add 11 (pubkey_for_exp (sha256 11 (a 6 (c 2 (c 23 ()))))))) (q 2 23 47) (q 8)) 1) (q 4 (c 4 (c 5 (c (a 6 (c 2 (c 23 ()))) ()))) (a 23 47))) 1) (c (q 50 2 (i (l 5) (q 11 (q . 2) (a 6 (c 2 (c 9 ()))) (a 6 (c 2 (c 13 ())))) (q 11 (q . 1) 5)) 1) 1)) (c (q . 0xa0ea9df64dd859d6d7e648fec94b35ee0512670e68c0a83c520948dc164d817d39c402002db1cf716caa1335022c8338) 1)) (c (q) (c (q) (c (q 0x7faa3253bfddd1e0decb0906b2dc6247bbc4cf608f58345d173adb63e8b47c9f 0x3a004a7c4e900167f0807ed53cbbe3c2ca66d0edbeba2fa243aa849d2babd909 . 0xeff07522495060c066f66f32acc2a77e3a3e737aca8baea4d1a64ea4cdc13da9) (c (q) 1)))))) 1)))",
  "recovery_did_list_hash": "()",
  "singletonModHash": "0x7faa3253bfddd1e0decb0906b2dc6247bbc4cf608f58345d173adb63e8b47c9f",
}
`;

exports[`Mint Did 1: spendbundle 1`] = `
Object {
  "aggregated_signature": "0xb30314b7a6c290f53105ccc91fe828a2473926d6c5a9703db70fe03fcad8dd7cd3db11dfe7eeedba664763ad8e83a72014dfdb234d3f216a6ff9749ef32b2e2ed0efb366bd79c529c28bcc85d3f1807121173eba952f24bc560675aa7c790b4c",
  "coin_spends": Array [
    Object {
      "coin": Object {
        "amount": 23n,
        "parent_coin_info": "0xc4badc175d119df8006fd8e96ad84c475e743275e70d6c16f43cf83fb75df021",
        "puzzle_hash": "0x7ed1a136bdb4016e62922e690b897e85ee1970f1caf63c1cbe27e4e32f776d10",
      },
      "puzzle_reveal": "0xff02ffff01ff02ffff01ff02ffff03ff0bffff01ff02ffff03ffff09ff05ffff1dff0bffff1effff0bff0bffff02ff06ffff04ff02ffff04ff17ff8080808080808080ffff01ff02ff17ff2f80ffff01ff088080ff0180ffff01ff04ffff04ff04ffff04ff05ffff04ffff02ff06ffff04ff02ffff04ff17ff80808080ff80808080ffff02ff17ff2f808080ff0180ffff04ffff01ff32ff02ffff03ffff07ff0580ffff01ff0bffff0102ffff02ff06ffff04ff02ffff04ff09ff80808080ffff02ff06ffff04ff02ffff04ff0dff8080808080ffff01ff0bffff0101ff058080ff0180ff018080ffff04ffff01b092c7027d455e843b1226b757c1dd5e124e0e6ddab3549036a4684b410182fdfd1eee459eb76a4d6d73e94f90fbe6eb1dff018080",
      "solution": "0xff80ffff01ffff33ffa0eff07522495060c066f66f32acc2a77e3a3e737aca8baea4d1a64ea4cdc13da9ff0180ffff33ffa00eb720d9195ffe59684b62b12d54791be7ad3bb6207f5eb92e0e1b40ecbc1155ff168080ff8080",
    },
    Object {
      "coin": Object {
        "amount": 1n,
        "parent_coin_info": "0x18494efb9385b2604bb168f070540d42e8133f3b7204ab74896d8c21a6c73cc0",
        "puzzle_hash": "0xeff07522495060c066f66f32acc2a77e3a3e737aca8baea4d1a64ea4cdc13da9",
      },
      "puzzle_reveal": "0xff02ffff01ff04ffff04ff04ffff04ff05ffff04ff0bff80808080ffff04ffff04ff0affff04ffff02ff0effff04ff02ffff04ffff04ff05ffff04ff0bffff04ff17ff80808080ff80808080ff808080ff808080ffff04ffff01ff33ff3cff02ffff03ffff07ff0580ffff01ff0bffff0102ffff02ff0effff04ff02ffff04ff09ff80808080ffff02ff0effff04ff02ffff04ff0dff8080808080ffff01ff0bffff0101ff058080ff0180ff018080",
      "solution": "0xffa086299c8970ffcaa41e38aca6f11739402206cd9e6934f5f320f460d35a00cd33ff01ff8080",
    },
    Object {
      "coin": Object {
        "amount": 1n,
        "parent_coin_info": "0x3a004a7c4e900167f0807ed53cbbe3c2ca66d0edbeba2fa243aa849d2babd909",
        "puzzle_hash": "0x86299c8970ffcaa41e38aca6f11739402206cd9e6934f5f320f460d35a00cd33",
      },
      "puzzle_reveal": "0xff02ffff01ff02ffff01ff02ffff03ffff18ff2fff3480ffff01ff04ffff04ff20ffff04ff2fff808080ffff04ffff02ff3effff04ff02ffff04ff05ffff04ffff02ff2affff04ff02ffff04ff27ffff04ffff02ffff03ff77ffff01ff02ff36ffff04ff02ffff04ff09ffff04ff57ffff04ffff02ff2effff04ff02ffff04ff05ff80808080ff808080808080ffff011d80ff0180ffff04ffff02ffff03ff77ffff0181b7ffff015780ff0180ff808080808080ffff04ff77ff808080808080ffff02ff3affff04ff02ffff04ff05ffff04ffff02ff0bff5f80ffff01ff8080808080808080ffff01ff088080ff0180ffff04ffff01ffffffff4947ff0233ffff0401ff0102ffffff20ff02ffff03ff05ffff01ff02ff32ffff04ff02ffff04ff0dffff04ffff0bff3cffff0bff34ff2480ffff0bff3cffff0bff3cffff0bff34ff2c80ff0980ffff0bff3cff0bffff0bff34ff8080808080ff8080808080ffff010b80ff0180ffff02ffff03ffff22ffff09ffff0dff0580ff2280ffff09ffff0dff0b80ff2280ffff15ff17ffff0181ff8080ffff01ff0bff05ff0bff1780ffff01ff088080ff0180ff02ffff03ff0bffff01ff02ffff03ffff02ff26ffff04ff02ffff04ff13ff80808080ffff01ff02ffff03ffff20ff1780ffff01ff02ffff03ffff09ff81b3ffff01818f80ffff01ff02ff3affff04ff02ffff04ff05ffff04ff1bffff04ff34ff808080808080ffff01ff04ffff04ff23ffff04ffff02ff36ffff04ff02ffff04ff09ffff04ff53ffff04ffff02ff2effff04ff02ffff04ff05ff80808080ff808080808080ff738080ffff02ff3affff04ff02ffff04ff05ffff04ff1bffff04ff34ff8080808080808080ff0180ffff01ff088080ff0180ffff01ff04ff13ffff02ff3affff04ff02ffff04ff05ffff04ff1bffff04ff17ff8080808080808080ff0180ffff01ff02ffff03ff17ff80ffff01ff088080ff018080ff0180ffffff02ffff03ffff09ff09ff3880ffff01ff02ffff03ffff18ff2dffff010180ffff01ff0101ff8080ff0180ff8080ff0180ff0bff3cffff0bff34ff2880ffff0bff3cffff0bff3cffff0bff34ff2c80ff0580ffff0bff3cffff02ff32ffff04ff02ffff04ff07ffff04ffff0bff34ff3480ff8080808080ffff0bff34ff8080808080ffff02ffff03ffff07ff0580ffff01ff0bffff0102ffff02ff2effff04ff02ffff04ff09ff80808080ffff02ff2effff04ff02ffff04ff0dff8080808080ffff01ff0bffff0101ff058080ff0180ff02ffff03ffff21ff17ffff09ff0bff158080ffff01ff04ff30ffff04ff0bff808080ffff01ff088080ff0180ff018080ffff04ffff01ffa07faa3253bfddd1e0decb0906b2dc6247bbc4cf608f58345d173adb63e8b47c9fffa03a004a7c4e900167f0807ed53cbbe3c2ca66d0edbeba2fa243aa849d2babd909a0eff07522495060c066f66f32acc2a77e3a3e737aca8baea4d1a64ea4cdc13da9ffff04ffff01ff02ffff01ff02ffff01ff02ffff03ff81bfffff01ff02ff05ff82017f80ffff01ff02ffff03ffff22ffff09ffff02ff7effff04ff02ffff04ff8217ffff80808080ff0b80ffff15ff17ff808080ffff01ff04ffff04ff28ffff04ff82017fff808080ffff04ffff04ff34ffff04ff8202ffffff04ff82017fffff04ffff04ff8202ffff8080ff8080808080ffff04ffff04ff38ffff04ff822fffff808080ffff02ff26ffff04ff02ffff04ff2fffff04ff17ffff04ff8217ffffff04ff822fffffff04ff8202ffffff04ff8205ffffff04ff820bffffff01ff8080808080808080808080808080ffff01ff088080ff018080ff0180ffff04ffff01ffffffff313dff4946ffff0233ff3c04ffffff0101ff02ff02ffff03ff05ffff01ff02ff3affff04ff02ffff04ff0dffff04ffff0bff2affff0bff22ff3c80ffff0bff2affff0bff2affff0bff22ff3280ff0980ffff0bff2aff0bffff0bff22ff8080808080ff8080808080ffff010b80ff0180ffffff02ffff03ff17ffff01ff02ffff03ff82013fffff01ff04ffff04ff30ffff04ffff0bffff0bffff02ff36ffff04ff02ffff04ff05ffff04ff27ffff04ff82023fffff04ff82053fffff04ff820b3fff8080808080808080ffff02ff7effff04ff02ffff04ffff02ff2effff04ff02ffff04ff2fffff04ff5fffff04ff82017fff808080808080ff8080808080ff2f80ff808080ffff02ff26ffff04ff02ffff04ff05ffff04ff0bffff04ff37ffff04ff2fffff04ff5fffff04ff8201bfffff04ff82017fffff04ffff10ff8202ffffff010180ff808080808080808080808080ffff01ff02ff26ffff04ff02ffff04ff05ffff04ff37ffff04ff2fffff04ff5fffff04ff8201bfffff04ff82017fffff04ff8202ffff8080808080808080808080ff0180ffff01ff02ffff03ffff15ff8202ffffff11ff0bffff01018080ffff01ff04ffff04ff20ffff04ff82017fffff04ff5fff80808080ff8080ffff01ff088080ff018080ff0180ff0bff17ffff02ff5effff04ff02ffff04ff09ffff04ff2fffff04ffff02ff7effff04ff02ffff04ffff04ff09ffff04ff0bff1d8080ff80808080ff808080808080ff5f80ffff04ffff0101ffff04ffff04ff2cffff04ff05ff808080ffff04ffff04ff20ffff04ff17ffff04ff0bff80808080ff80808080ffff0bff2affff0bff22ff2480ffff0bff2affff0bff2affff0bff22ff3280ff0580ffff0bff2affff02ff3affff04ff02ffff04ff07ffff04ffff0bff22ff2280ff8080808080ffff0bff22ff8080808080ff02ffff03ffff07ff0580ffff01ff0bffff0102ffff02ff7effff04ff02ffff04ff09ff80808080ffff02ff7effff04ff02ffff04ff0dff8080808080ffff01ff0bffff0101ff058080ff0180ff018080ffff04ffff01ff02ffff01ff02ffff01ff02ffff03ff0bffff01ff02ffff03ffff09ff05ffff1dff0bffff1effff0bff0bffff02ff06ffff04ff02ffff04ff17ff8080808080808080ffff01ff02ff17ff2f80ffff01ff088080ff0180ffff01ff04ffff04ff04ffff04ff05ffff04ffff02ff06ffff04ff02ffff04ff17ff80808080ff80808080ffff02ff17ff2f808080ff0180ffff04ffff01ff32ff02ffff03ffff07ff0580ffff01ff0bffff0102ffff02ff06ffff04ff02ffff04ff09ff80808080ffff02ff06ffff04ff02ffff04ff0dff8080808080ffff01ff0bffff0101ff058080ff0180ff018080ffff04ffff01b0a0ea9df64dd859d6d7e648fec94b35ee0512670e68c0a83c520948dc164d817d39c402002db1cf716caa1335022c8338ff018080ffff04ffff0180ffff04ffff0180ffff04ffff01ffa07faa3253bfddd1e0decb0906b2dc6247bbc4cf608f58345d173adb63e8b47c9fffa03a004a7c4e900167f0807ed53cbbe3c2ca66d0edbeba2fa243aa849d2babd909a0eff07522495060c066f66f32acc2a77e3a3e737aca8baea4d1a64ea4cdc13da9ffff04ffff0180ff01808080808080ff01808080",
      "solution": "0xffffa018494efb9385b2604bb168f070540d42e8133f3b7204ab74896d8c21a6c73cc0ff0180ff01ffff01ffff80ffff01ffff33ffa0c80cb3644de1c9921520227e3c5bd7550709d602cce38c6887cc52538586635dff01ffffa00eb720d9195ffe59684b62b12d54791be7ad3bb6207f5eb92e0e1b40ecbc1155808080ff80808080",
    },
  ],
}
`;

exports[`Mint Did 2: spendbundle 1`] = `
Object {
  "aggregated_signature": "0x8c3ea3d90320cbc136ea8a430737f9b1e7be440dcf508f6b19db6a2bba31547f6a967490c48149cbd05ed1a2792b9b3f185ad8771a14cdcda64d357f0a8cbc1763c1afaee421a3763efc7e0d6c2fbb7bea0ca269b81ba1b7343ca0e255e49acf",
  "coin_spends": Array [
    Object {
      "coin": Object {
        "amount": 4998999984n,
        "parent_coin_info": "0xf3b7d6d4bdd80b99c539f7ca900288f5dc2ac8fb23559656e981761e90b2fe71",
        "puzzle_hash": "0x0eb720d9195ffe59684b62b12d54791be7ad3bb6207f5eb92e0e1b40ecbc1155",
      },
      "puzzle_reveal": "0xff02ffff01ff02ffff01ff02ffff03ff0bffff01ff02ffff03ffff09ff05ffff1dff0bffff1effff0bff0bffff02ff06ffff04ff02ffff04ff17ff8080808080808080ffff01ff02ff17ff2f80ffff01ff088080ff0180ffff01ff04ffff04ff04ffff04ff05ffff04ffff02ff06ffff04ff02ffff04ff17ff80808080ff80808080ffff02ff17ff2f808080ff0180ffff04ffff01ff32ff02ffff03ffff07ff0580ffff01ff0bffff0102ffff02ff06ffff04ff02ffff04ff09ff80808080ffff02ff06ffff04ff02ffff04ff0dff8080808080ffff01ff0bffff0101ff058080ff0180ff018080ffff04ffff01b0a0ea9df64dd859d6d7e648fec94b35ee0512670e68c0a83c520948dc164d817d39c402002db1cf716caa1335022c8338ff018080",
      "solution": "0xff80ffff01ffff33ffa0eff07522495060c066f66f32acc2a77e3a3e737aca8baea4d1a64ea4cdc13da9ff0180ffff33ffa00eb720d9195ffe59684b62b12d54791be7ad3bb6207f5eb92e0e1b40ecbc1155ff850129f695a58080ff8080",
    },
    Object {
      "coin": Object {
        "amount": 1n,
        "parent_coin_info": "0xa9b4b921264b687b2aad31c208da1a4d38e7aa36135aa892ea366f20ea0d0a5c",
        "puzzle_hash": "0xeff07522495060c066f66f32acc2a77e3a3e737aca8baea4d1a64ea4cdc13da9",
      },
      "puzzle_reveal": "0xff02ffff01ff04ffff04ff04ffff04ff05ffff04ff0bff80808080ffff04ffff04ff0affff04ffff02ff0effff04ff02ffff04ffff04ff05ffff04ff0bffff04ff17ff80808080ff80808080ff808080ff808080ffff04ffff01ff33ff3cff02ffff03ffff07ff0580ffff01ff0bffff0102ffff02ff0effff04ff02ffff04ff09ff80808080ffff02ff0effff04ff02ffff04ff0dff8080808080ffff01ff0bffff0101ff058080ff0180ff018080",
      "solution": "0xffa01b7022d62f74212b29445cb8acf1859b38b1fe7cc322c2f3f5a3fcc59f826258ff01ff8080",
    },
    Object {
      "coin": Object {
        "amount": 1n,
        "parent_coin_info": "0x0d057ef629327bac46c3a56d79b41c75de100cf14fee51c1ffd518ff9c534f5f",
        "puzzle_hash": "0x1b7022d62f74212b29445cb8acf1859b38b1fe7cc322c2f3f5a3fcc59f826258",
      },
      "puzzle_reveal": "0xff02ffff01ff02ffff01ff02ffff03ffff18ff2fff3480ffff01ff04ffff04ff20ffff04ff2fff808080ffff04ffff02ff3effff04ff02ffff04ff05ffff04ffff02ff2affff04ff02ffff04ff27ffff04ffff02ffff03ff77ffff01ff02ff36ffff04ff02ffff04ff09ffff04ff57ffff04ffff02ff2effff04ff02ffff04ff05ff80808080ff808080808080ffff011d80ff0180ffff04ffff02ffff03ff77ffff0181b7ffff015780ff0180ff808080808080ffff04ff77ff808080808080ffff02ff3affff04ff02ffff04ff05ffff04ffff02ff0bff5f80ffff01ff8080808080808080ffff01ff088080ff0180ffff04ffff01ffffffff4947ff0233ffff0401ff0102ffffff20ff02ffff03ff05ffff01ff02ff32ffff04ff02ffff04ff0dffff04ffff0bff3cffff0bff34ff2480ffff0bff3cffff0bff3cffff0bff34ff2c80ff0980ffff0bff3cff0bffff0bff34ff8080808080ff8080808080ffff010b80ff0180ffff02ffff03ffff22ffff09ffff0dff0580ff2280ffff09ffff0dff0b80ff2280ffff15ff17ffff0181ff8080ffff01ff0bff05ff0bff1780ffff01ff088080ff0180ff02ffff03ff0bffff01ff02ffff03ffff02ff26ffff04ff02ffff04ff13ff80808080ffff01ff02ffff03ffff20ff1780ffff01ff02ffff03ffff09ff81b3ffff01818f80ffff01ff02ff3affff04ff02ffff04ff05ffff04ff1bffff04ff34ff808080808080ffff01ff04ffff04ff23ffff04ffff02ff36ffff04ff02ffff04ff09ffff04ff53ffff04ffff02ff2effff04ff02ffff04ff05ff80808080ff808080808080ff738080ffff02ff3affff04ff02ffff04ff05ffff04ff1bffff04ff34ff8080808080808080ff0180ffff01ff088080ff0180ffff01ff04ff13ffff02ff3affff04ff02ffff04ff05ffff04ff1bffff04ff17ff8080808080808080ff0180ffff01ff02ffff03ff17ff80ffff01ff088080ff018080ff0180ffffff02ffff03ffff09ff09ff3880ffff01ff02ffff03ffff18ff2dffff010180ffff01ff0101ff8080ff0180ff8080ff0180ff0bff3cffff0bff34ff2880ffff0bff3cffff0bff3cffff0bff34ff2c80ff0580ffff0bff3cffff02ff32ffff04ff02ffff04ff07ffff04ffff0bff34ff3480ff8080808080ffff0bff34ff8080808080ffff02ffff03ffff07ff0580ffff01ff0bffff0102ffff02ff2effff04ff02ffff04ff09ff80808080ffff02ff2effff04ff02ffff04ff0dff8080808080ffff01ff0bffff0101ff058080ff0180ff02ffff03ffff21ff17ffff09ff0bff158080ffff01ff04ff30ffff04ff0bff808080ffff01ff088080ff0180ff018080ffff04ffff01ffa07faa3253bfddd1e0decb0906b2dc6247bbc4cf608f58345d173adb63e8b47c9fffa00d057ef629327bac46c3a56d79b41c75de100cf14fee51c1ffd518ff9c534f5fa0eff07522495060c066f66f32acc2a77e3a3e737aca8baea4d1a64ea4cdc13da9ffff04ffff01ff02ffff01ff02ffff01ff02ffff03ff81bfffff01ff02ff05ff82017f80ffff01ff02ffff03ffff22ffff09ffff02ff7effff04ff02ffff04ff8217ffff80808080ff0b80ffff15ff17ff808080ffff01ff04ffff04ff28ffff04ff82017fff808080ffff04ffff04ff34ffff04ff8202ffffff04ff82017fffff04ffff04ff8202ffff8080ff8080808080ffff04ffff04ff38ffff04ff822fffff808080ffff02ff26ffff04ff02ffff04ff2fffff04ff17ffff04ff8217ffffff04ff822fffffff04ff8202ffffff04ff8205ffffff04ff820bffffff01ff8080808080808080808080808080ffff01ff088080ff018080ff0180ffff04ffff01ffffffff313dff4946ffff0233ff3c04ffffff0101ff02ff02ffff03ff05ffff01ff02ff3affff04ff02ffff04ff0dffff04ffff0bff2affff0bff22ff3c80ffff0bff2affff0bff2affff0bff22ff3280ff0980ffff0bff2aff0bffff0bff22ff8080808080ff8080808080ffff010b80ff0180ffffff02ffff03ff17ffff01ff02ffff03ff82013fffff01ff04ffff04ff30ffff04ffff0bffff0bffff02ff36ffff04ff02ffff04ff05ffff04ff27ffff04ff82023fffff04ff82053fffff04ff820b3fff8080808080808080ffff02ff7effff04ff02ffff04ffff02ff2effff04ff02ffff04ff2fffff04ff5fffff04ff82017fff808080808080ff8080808080ff2f80ff808080ffff02ff26ffff04ff02ffff04ff05ffff04ff0bffff04ff37ffff04ff2fffff04ff5fffff04ff8201bfffff04ff82017fffff04ffff10ff8202ffffff010180ff808080808080808080808080ffff01ff02ff26ffff04ff02ffff04ff05ffff04ff37ffff04ff2fffff04ff5fffff04ff8201bfffff04ff82017fffff04ff8202ffff8080808080808080808080ff0180ffff01ff02ffff03ffff15ff8202ffffff11ff0bffff01018080ffff01ff04ffff04ff20ffff04ff82017fffff04ff5fff80808080ff8080ffff01ff088080ff018080ff0180ff0bff17ffff02ff5effff04ff02ffff04ff09ffff04ff2fffff04ffff02ff7effff04ff02ffff04ffff04ff09ffff04ff0bff1d8080ff80808080ff808080808080ff5f80ffff04ffff0101ffff04ffff04ff2cffff04ff05ff808080ffff04ffff04ff20ffff04ff17ffff04ff0bff80808080ff80808080ffff0bff2affff0bff22ff2480ffff0bff2affff0bff2affff0bff22ff3280ff0580ffff0bff2affff02ff3affff04ff02ffff04ff07ffff04ffff0bff22ff2280ff8080808080ffff0bff22ff8080808080ff02ffff03ffff07ff0580ffff01ff0bffff0102ffff02ff7effff04ff02ffff04ff09ff80808080ffff02ff7effff04ff02ffff04ff0dff8080808080ffff01ff0bffff0101ff058080ff0180ff018080ffff04ffff01ff02ffff01ff02ffff01ff02ffff03ff0bffff01ff02ffff03ffff09ff05ffff1dff0bffff1effff0bff0bffff02ff06ffff04ff02ffff04ff17ff8080808080808080ffff01ff02ff17ff2f80ffff01ff088080ff0180ffff01ff04ffff04ff04ffff04ff05ffff04ffff02ff06ffff04ff02ffff04ff17ff80808080ff80808080ffff02ff17ff2f808080ff0180ffff04ffff01ff32ff02ffff03ffff07ff0580ffff01ff0bffff0102ffff02ff06ffff04ff02ffff04ff09ff80808080ffff02ff06ffff04ff02ffff04ff0dff8080808080ffff01ff0bffff0101ff058080ff0180ff018080ffff04ffff01b0a0ea9df64dd859d6d7e648fec94b35ee0512670e68c0a83c520948dc164d817d39c402002db1cf716caa1335022c8338ff018080ffff04ffff0180ffff04ffff0180ffff04ffff01ffa07faa3253bfddd1e0decb0906b2dc6247bbc4cf608f58345d173adb63e8b47c9fffa00d057ef629327bac46c3a56d79b41c75de100cf14fee51c1ffd518ff9c534f5fa0eff07522495060c066f66f32acc2a77e3a3e737aca8baea4d1a64ea4cdc13da9ffff04ffff0180ff01808080808080ff01808080",
      "solution": "0xffffa0a9b4b921264b687b2aad31c208da1a4d38e7aa36135aa892ea366f20ea0d0a5cff0180ff01ffff01ffff80ffff01ffff33ffa06d9e5c02483135f76e28e0bc9f380b30f22cc9d4eeb7e4e71038c37536722928ff01ffffa00eb720d9195ffe59684b62b12d54791be7ad3bb6207f5eb92e0e1b40ecbc1155808080ff80808080",
    },
  ],
}
`;
