// Jest Snapshot v1, https://goo.gl/fbAQLP

exports[`Analyze Cat 1: analysis 1`] = `
Object {
  "hintPuzzle": "972c1f059996722a23b289b9eade0c9a2b3a442c82418dcb5323d7996c8bf5aa",
  "innerPuzzle": "(q (51 () -113 (a (q 2 (i 47 (q 8) (q 2 (i (= 45 2) () (q 8)) 1)) 1) (c (q . 0x2e7f1caa0325f7844a4c098d7cc5a79b5dd36e29fe0eb1e6ac904d97e4f1cfa5) 1)) ()) (51 0xd87f6df7c1473f33f5abb1d42d117712d4346c4431225daf51cf4f9f8954181b 0x17538308 (0xd87f6df7c1473f33f5abb1d42d117712d4346c4431225daf51cf4f9f8954181b)))",
  "modHash": "0x37bef360ee858133b69d595a906dc45d01af50379dad515eb9518abb7c1d2a7a",
  "tailProgramHash": "0xb3867458a6af107794a09b6083e3f0f05fbece0adae328f4df9ade53a60ca1b3",
}
`;

exports[`Analyze Cat 2: analysis 1`] = `
Object {
  "hintPuzzle": "3eb239190ce59b4af1e461291b9185cea62d6072fd3718051a530fd8a8218bc0",
  "innerPuzzle": "(a (q 2 (q 2 (i 11 (q 2 (i (= 5 (point_add 11 (pubkey_for_exp (sha256 11 (a 6 (c 2 (c 23 ()))))))) (q 2 23 47) (q 8)) 1) (q 4 (c 4 (c 5 (c (a 6 (c 2 (c 23 ()))) ()))) (a 23 47))) 1) (c (q 50 2 (i (l 5) (q 11 (q . 2) (a 6 (c 2 (c 9 ()))) (a 6 (c 2 (c 13 ())))) (q 11 (q . 1) 5)) 1) 1)) (c (q . 0xb5c7539888af59f601be0ea2eddd32c06a80d932170eec55ef7a7640cbc5b37b81c4258644229eca2322298a9bf0189f) 1))",
  "modHash": "0x37bef360ee858133b69d595a906dc45d01af50379dad515eb9518abb7c1d2a7a",
  "tailProgramHash": "0xb3867458a6af107794a09b6083e3f0f05fbece0adae328f4df9ade53a60ca1b3",
}
`;

exports[`Mint Cat: assetid 1`] = `"0x3d65a20099e84ac0d5a061d74814ea76bbe786783588707211e3d95c5a78e7a2"`;

exports[`Mint Cat: spendbundle 1`] = `
Object {
  "aggregated_signature": "0xa2e7cae0b1d495f7a83ef15cc9d39da348b84ce1124e3031af0f1af9d6f3c3f51d09277a2b3541d81768619551a0db55158f475965aa5129998e9c19cd41826c3503135498d825f5628730b410f4e1f9219e8b4b68fcd647671fcf22de95fdb7",
  "coin_spends": Array [
    Object {
      "coin": Object {
        "amount": 25n,
        "parent_coin_info": "0xc1f1407bec5f2c33207bf2d61321114fa7558268ddf1f0a3326fcbb6bca496be",
        "puzzle_hash": "0xd9c531638dfcd539e4f040af35157d19045c4f9f23ad3fea207b92b672925a35",
      },
      "puzzle_reveal": "0xff02ffff01ff02ffff01ff02ffff03ff0bffff01ff02ffff03ffff09ff05ffff1dff0bffff1effff0bff0bffff02ff06ffff04ff02ffff04ff17ff8080808080808080ffff01ff02ff17ff2f80ffff01ff088080ff0180ffff01ff04ffff04ff04ffff04ff05ffff04ffff02ff06ffff04ff02ffff04ff17ff80808080ff80808080ffff02ff17ff2f808080ff0180ffff04ffff01ff32ff02ffff03ffff07ff0580ffff01ff0bffff0102ffff02ff06ffff04ff02ffff04ff09ff80808080ffff02ff06ffff04ff02ffff04ff0dff8080808080ffff01ff0bffff0101ff058080ff0180ff018080ffff04ffff01b085ebb574fd362f8811f4165028be55f3f3d5d4c1369d30f92ba0f41ccad56b50c97fd6997ffd59c665950bc081738fbdff018080",
      "solution": "0xff80ffff01ffff33ffa0c56f72dbbd836296372913673ab7979db2f92ed00b2996c7cf2ef1698eb3f7f7ff0a80ffff33ffa0d9c531638dfcd539e4f040af35157d19045c4f9f23ad3fea207b92b672925a35ff0e8080ff8080",
    },
    Object {
      "coin": Object {
        "amount": 10n,
        "parent_coin_info": "0xbdd95d825efbef5dbfb0eda591f2c9ba8064940bc9009e7dd2728ac1e68c4799",
        "puzzle_hash": "0xc56f72dbbd836296372913673ab7979db2f92ed00b2996c7cf2ef1698eb3f7f7",
      },
      "puzzle_reveal": "0xff02ffff01ff02ffff01ff02ff5effff04ff02ffff04ffff04ff05ffff04ffff0bff2cff0580ffff04ff0bff80808080ffff04ffff02ff17ff2f80ffff04ff5fffff04ffff02ff2effff04ff02ffff04ff17ff80808080ffff04ffff0bff82027fff82057fff820b7f80ffff04ff81bfffff04ff82017fffff04ff8202ffffff04ff8205ffffff04ff820bffff80808080808080808080808080ffff04ffff01ffffffff81ca3dff46ff0233ffff3c04ff01ff0181cbffffff02ff02ffff03ff05ffff01ff02ff32ffff04ff02ffff04ff0dffff04ffff0bff22ffff0bff2cff3480ffff0bff22ffff0bff22ffff0bff2cff5c80ff0980ffff0bff22ff0bffff0bff2cff8080808080ff8080808080ffff010b80ff0180ffff02ffff03ff0bffff01ff02ffff03ffff09ffff02ff2effff04ff02ffff04ff13ff80808080ff820b9f80ffff01ff02ff26ffff04ff02ffff04ffff02ff13ffff04ff5fffff04ff17ffff04ff2fffff04ff81bfffff04ff82017fffff04ff1bff8080808080808080ffff04ff82017fff8080808080ffff01ff088080ff0180ffff01ff02ffff03ff17ffff01ff02ffff03ffff20ff81bf80ffff0182017fffff01ff088080ff0180ffff01ff088080ff018080ff0180ffff04ffff04ff05ff2780ffff04ffff10ff0bff5780ff778080ff02ffff03ff05ffff01ff02ffff03ffff09ffff02ffff03ffff09ff11ff7880ffff0159ff8080ff0180ffff01818f80ffff01ff02ff7affff04ff02ffff04ff0dffff04ff0bffff04ffff04ff81b9ff82017980ff808080808080ffff01ff02ff5affff04ff02ffff04ffff02ffff03ffff09ff11ff7880ffff01ff04ff78ffff04ffff02ff36ffff04ff02ffff04ff13ffff04ff29ffff04ffff0bff2cff5b80ffff04ff2bff80808080808080ff398080ffff01ff02ffff03ffff09ff11ff2480ffff01ff04ff24ffff04ffff0bff20ff2980ff398080ffff010980ff018080ff0180ffff04ffff02ffff03ffff09ff11ff7880ffff0159ff8080ff0180ffff04ffff02ff7affff04ff02ffff04ff0dffff04ff0bffff04ff17ff808080808080ff80808080808080ff0180ffff01ff04ff80ffff04ff80ff17808080ff0180ffffff02ffff03ff05ffff01ff04ff09ffff02ff26ffff04ff02ffff04ff0dffff04ff0bff808080808080ffff010b80ff0180ff0bff22ffff0bff2cff5880ffff0bff22ffff0bff22ffff0bff2cff5c80ff0580ffff0bff22ffff02ff32ffff04ff02ffff04ff07ffff04ffff0bff2cff2c80ff8080808080ffff0bff2cff8080808080ffff02ffff03ffff07ff0580ffff01ff0bffff0102ffff02ff2effff04ff02ffff04ff09ff80808080ffff02ff2effff04ff02ffff04ff0dff8080808080ffff01ff0bff2cff058080ff0180ffff04ffff04ff28ffff04ff5fff808080ffff02ff7effff04ff02ffff04ffff04ffff04ff2fff0580ffff04ff5fff82017f8080ffff04ffff02ff7affff04ff02ffff04ff0bffff04ff05ffff01ff808080808080ffff04ff17ffff04ff81bfffff04ff82017fffff04ffff0bff8204ffffff02ff36ffff04ff02ffff04ff09ffff04ff820affffff04ffff0bff2cff2d80ffff04ff15ff80808080808080ff8216ff80ffff04ff8205ffffff04ff820bffff808080808080808080808080ff02ff2affff04ff02ffff04ff5fffff04ff3bffff04ffff02ffff03ff17ffff01ff09ff2dffff0bff27ffff02ff36ffff04ff02ffff04ff29ffff04ff57ffff04ffff0bff2cff81b980ffff04ff59ff80808080808080ff81b78080ff8080ff0180ffff04ff17ffff04ff05ffff04ff8202ffffff04ffff04ffff04ff24ffff04ffff0bff7cff2fff82017f80ff808080ffff04ffff04ff30ffff04ffff0bff81bfffff0bff7cff15ffff10ff82017fffff11ff8202dfff2b80ff8202ff808080ff808080ff138080ff80808080808080808080ff018080ffff04ffff01a072dec062874cd4d3aab892a0906688a1ae412b0109982e1797a170add88bdcdcffff04ffff01a03d65a20099e84ac0d5a061d74814ea76bbe786783588707211e3d95c5a78e7a2ffff04ffff01ff01ffff33ff80ff818fffff02ffff01ff02ffff03ff2fffff01ff0880ffff01ff02ffff03ffff09ff2dff0280ff80ffff01ff088080ff018080ff0180ffff04ffff01a0bdd95d825efbef5dbfb0eda591f2c9ba8064940bc9009e7dd2728ac1e68c4799ff018080ff8080ffff33ffa03eb239190ce59b4af1e461291b9185cea62d6072fd3718051a530fd8a8218bc0ff0affffa03eb239190ce59b4af1e461291b9185cea62d6072fd3718051a530fd8a8218bc0ff8568656c6c6f808080ff0180808080",
      "solution": "0xff80ff80ffa004a0bd366d39b953f6b3f388bcac3ab1b840a9c90db2816474f07d1aaf93cd29ffffa0bdd95d825efbef5dbfb0eda591f2c9ba8064940bc9009e7dd2728ac1e68c4799ffa0c56f72dbbd836296372913673ab7979db2f92ed00b2996c7cf2ef1698eb3f7f7ff0a80ffffa0bdd95d825efbef5dbfb0eda591f2c9ba8064940bc9009e7dd2728ac1e68c4799ffa01ddc5cab982ed7c2a269e707fe87523a6619462aaf4cf0d4773b6456a61e21ccff0a80ff80ff8080",
    },
  ],
}
`;
