// Jest Snapshot v1, https://goo.gl/fbAQLP

exports[`Make Offer 1: bundle 1`] = `
Object {
  "aggregated_signature": "0xae6782b5fbd39fe2de8af318c68d4fc5710a019e21bfdee3122544f27ee2b2b7efda203e514f1fc8f7fcc6a2400f279702227b8ff7f991231410fbba1c6dba70531fe2564ffa167355d23b691adfc91f340416b6f57f915f48c3fb83a6b3b52c",
  "coin_spends": Array [
    Object {
      "coin": Object {
        "amount": 0n,
        "parent_coin_info": "0x0000000000000000000000000000000000000000000000000000000000000000",
        "puzzle_hash": "0x4b2eaafa5aa3f33714c30f5310970cc735379bc708af0b82501db969bf5b5c3f",
      },
      "puzzle_reveal": "0xff02ffff01ff02ffff01ff02ff5effff04ff02ffff04ffff04ff05ffff04ffff0bff2cff0580ffff04ff0bff80808080ffff04ffff02ff17ff2f80ffff04ff5fffff04ffff02ff2effff04ff02ffff04ff17ff80808080ffff04ffff0bff82027fff82057fff820b7f80ffff04ff81bfffff04ff82017fffff04ff8202ffffff04ff8205ffffff04ff820bffff80808080808080808080808080ffff04ffff01ffffffff81ca3dff46ff0233ffff3c04ff01ff0181cbffffff02ff02ffff03ff05ffff01ff02ff32ffff04ff02ffff04ff0dffff04ffff0bff22ffff0bff2cff3480ffff0bff22ffff0bff22ffff0bff2cff5c80ff0980ffff0bff22ff0bffff0bff2cff8080808080ff8080808080ffff010b80ff0180ffff02ffff03ff0bffff01ff02ffff03ffff09ffff02ff2effff04ff02ffff04ff13ff80808080ff820b9f80ffff01ff02ff26ffff04ff02ffff04ffff02ff13ffff04ff5fffff04ff17ffff04ff2fffff04ff81bfffff04ff82017fffff04ff1bff8080808080808080ffff04ff82017fff8080808080ffff01ff088080ff0180ffff01ff02ffff03ff17ffff01ff02ffff03ffff20ff81bf80ffff0182017fffff01ff088080ff0180ffff01ff088080ff018080ff0180ffff04ffff04ff05ff2780ffff04ffff10ff0bff5780ff778080ff02ffff03ff05ffff01ff02ffff03ffff09ffff02ffff03ffff09ff11ff7880ffff0159ff8080ff0180ffff01818f80ffff01ff02ff7affff04ff02ffff04ff0dffff04ff0bffff04ffff04ff81b9ff82017980ff808080808080ffff01ff02ff5affff04ff02ffff04ffff02ffff03ffff09ff11ff7880ffff01ff04ff78ffff04ffff02ff36ffff04ff02ffff04ff13ffff04ff29ffff04ffff0bff2cff5b80ffff04ff2bff80808080808080ff398080ffff01ff02ffff03ffff09ff11ff2480ffff01ff04ff24ffff04ffff0bff20ff2980ff398080ffff010980ff018080ff0180ffff04ffff02ffff03ffff09ff11ff7880ffff0159ff8080ff0180ffff04ffff02ff7affff04ff02ffff04ff0dffff04ff0bffff04ff17ff808080808080ff80808080808080ff0180ffff01ff04ff80ffff04ff80ff17808080ff0180ffffff02ffff03ff05ffff01ff04ff09ffff02ff26ffff04ff02ffff04ff0dffff04ff0bff808080808080ffff010b80ff0180ff0bff22ffff0bff2cff5880ffff0bff22ffff0bff22ffff0bff2cff5c80ff0580ffff0bff22ffff02ff32ffff04ff02ffff04ff07ffff04ffff0bff2cff2c80ff8080808080ffff0bff2cff8080808080ffff02ffff03ffff07ff0580ffff01ff0bffff0102ffff02ff2effff04ff02ffff04ff09ff80808080ffff02ff2effff04ff02ffff04ff0dff8080808080ffff01ff0bff2cff058080ff0180ffff04ffff04ff28ffff04ff5fff808080ffff02ff7effff04ff02ffff04ffff04ffff04ff2fff0580ffff04ff5fff82017f8080ffff04ffff02ff7affff04ff02ffff04ff0bffff04ff05ffff01ff808080808080ffff04ff17ffff04ff81bfffff04ff82017fffff04ffff0bff8204ffffff02ff36ffff04ff02ffff04ff09ffff04ff820affffff04ffff0bff2cff2d80ffff04ff15ff80808080808080ff8216ff80ffff04ff8205ffffff04ff820bffff808080808080808080808080ff02ff2affff04ff02ffff04ff5fffff04ff3bffff04ffff02ffff03ff17ffff01ff09ff2dffff0bff27ffff02ff36ffff04ff02ffff04ff29ffff04ff57ffff04ffff0bff2cff81b980ffff04ff59ff80808080808080ff81b78080ff8080ff0180ffff04ff17ffff04ff05ffff04ff8202ffffff04ffff04ffff04ff24ffff04ffff0bff7cff2fff82017f80ff808080ffff04ffff04ff30ffff04ffff0bff81bfffff0bff7cff15ffff10ff82017fffff11ff8202dfff2b80ff8202ff808080ff808080ff138080ff80808080808080808080ff018080ffff04ffff01a072dec062874cd4d3aab892a0906688a1ae412b0109982e1797a170add88bdcdcffff04ffff01a06e1815ee33e943676ee437a42b7d239c0d0826902480e4c3781fee4b327e1b6bffff04ffff01ff02ffff01ff02ff0affff04ff02ffff04ff03ff80808080ffff04ffff01ffff333effff02ffff03ff05ffff01ff04ffff04ff0cffff04ffff02ff1effff04ff02ffff04ff09ff80808080ff808080ffff02ff16ffff04ff02ffff04ff19ffff04ffff02ff0affff04ff02ffff04ff0dff80808080ff808080808080ff8080ff0180ffff02ffff03ff05ffff01ff02ffff03ffff15ff29ff8080ffff01ff04ffff04ff08ff0980ffff02ff16ffff04ff02ffff04ff0dffff04ff0bff808080808080ffff01ff088080ff0180ffff010b80ff0180ff02ffff03ffff07ff0580ffff01ff0bffff0102ffff02ff1effff04ff02ffff04ff09ff80808080ffff02ff1effff04ff02ffff04ff0dff8080808080ffff01ff0bffff0101ff058080ff0180ff018080ff0180808080",
      "solution": "0xffffa071bdf5d923a48956a8d26a36c6ea4a9959de221ff2ee986bce4827e5f037ceb8ffffa0907ecc36e25ede9466dc1db20f86d8678b4a518a4351b552fb19be20fc6aac96ff0bffffa0907ecc36e25ede9466dc1db20f86d8678b4a518a4351b552fb19be20fc6aac9680808080",
    },
    Object {
      "coin": Object {
        "amount": 15n,
        "parent_coin_info": "0xd46f5f861aeb19a3ff8c7bbb73aa1797f585332eb846333d5092c7dcc75af204",
        "puzzle_hash": "0x907ecc36e25ede9466dc1db20f86d8678b4a518a4351b552fb19be20fc6aac96",
      },
      "puzzle_reveal": "0xff02ffff01ff02ffff01ff02ffff03ff0bffff01ff02ffff03ffff09ff05ffff1dff0bffff1effff0bff0bffff02ff06ffff04ff02ffff04ff17ff8080808080808080ffff01ff02ff17ff2f80ffff01ff088080ff0180ffff01ff04ffff04ff04ffff04ff05ffff04ffff02ff06ffff04ff02ffff04ff17ff80808080ff80808080ffff02ff17ff2f808080ff0180ffff04ffff01ff32ff02ffff03ffff07ff0580ffff01ff0bffff0102ffff02ff06ffff04ff02ffff04ff09ff80808080ffff02ff06ffff04ff02ffff04ff0dff8080808080ffff01ff0bffff0101ff058080ff0180ff018080ffff04ffff01b0b7c28887d666be1a8d1a22148cfbf829520687b84c997d6ab40804fdd2e5ce066a78457121a467ce444a9a387e8d02b5ff018080",
      "solution": "0xff80ffff01ffff33ffa0bae24162efbd568f89bc7a340798a6118df0189eb9e3f8697bcea27af99f8f79ff0980ffff33ffa0907ecc36e25ede9466dc1db20f86d8678b4a518a4351b552fb19be20fc6aac96ff0680ffff3fffa066f8adc4149a6e070ab2951c0c821724a8766acc7cd59496d1c37db6c42414878080ff8080",
    },
  ],
}
`;

exports[`Make Offer 1: offer 1`] = `"offer1qqp83w76wzru6cmqvpsxygqqhn64dlv2tt7djh8yxplmpsr5nm36de4n3ae6eemwp2gdmxde8uavv84xpct2egl4m35r6d66e7xavuar7hwyp4mnup3x7sw3h5p5nmf72uh2lk33d8qcfdywsh43edge89n73z20tavtpajx77wnk5r90yf29muvtua20eeax906yhdt8jrewsmdsf9v8y7rzhewl0yda2jt8gv9azs25wepf9vpgxqnpkyzu8lphg29rhk35etq2cvsejpv902ldu4zl6gvtdcjnjlvmq46lxv3772wg0aanwghmnjrlh5s0umn8wqy5fk5n5chk9rhda9d58wefh7x6d7jhw7s9wuuqwmsdlvkmjnlqfmte56fpcgyzkq6ewujrl0jda26wtcll8h2mhz6h3980aknt4kmu9nxcxesa8ufmc63navq3xgp4hzlj5d278sacgc8rw7xr7ap3mmxk60m53a2t9zy0fl0l5qvvf4alcfnkvmxkzc8e005kn70k9j4twqk9ghyj0l8ug6uhg4wja5jkkrtqvj2ml6lkr4ezc7jlw7krlva0w4yekr89sf7elfqx9h70ccln827w9j4lkwd7hcff69vv3xyxgd4p80aluzkj07krcgen9w8e66kn2svf7fm3j52k2krxd2h5axtk79cwmd3z9v3wecq3t2tdld047ljl3rl0w37fvwwhaflttyv2wz0w8lmm36z4ghfl6s7dhd0al5ksfw6p0lu38hhlr3dwts9087w532dmllauazx2yvpm7akgunhz5zvk0c270lj24su0tyn55l2leyhjyckk9k4l6e8cea3elkah3k0x4saqqkudn38p7fdpd"`;

exports[`Make Offer 2: bundle 1`] = `
Object {
  "aggregated_signature": "0x890370569ad824ec95c49d28ceb95ce94250bea542a6066ed85e4f12700dd70582ad1fa38b245c409cae08a8bb49dee1147d6ffd9b90cf9a3571b37074079517f4c47486b8d303e9fd4f35c98074db73b9aa0d72a1c301a13168158a15925c26",
  "coin_spends": Array [
    Object {
      "coin": Object {
        "amount": 0n,
        "parent_coin_info": "0x0000000000000000000000000000000000000000000000000000000000000000",
        "puzzle_hash": "0xcfbfdeed5c4ca2de3d0bf520b9cb4bb7743a359bd2e6a188d19ce7dffc21d3e7",
      },
      "puzzle_reveal": "0xff02ffff01ff02ff0affff04ff02ffff04ff03ff80808080ffff04ffff01ffff333effff02ffff03ff05ffff01ff04ffff04ff0cffff04ffff02ff1effff04ff02ffff04ff09ff80808080ff808080ffff02ff16ffff04ff02ffff04ff19ffff04ffff02ff0affff04ff02ffff04ff0dff80808080ff808080808080ff8080ff0180ffff02ffff03ff05ffff01ff02ffff03ffff15ff29ff8080ffff01ff04ffff04ff08ff0980ffff02ff16ffff04ff02ffff04ff0dffff04ff0bff808080808080ffff01ff088080ff0180ffff010b80ff0180ff02ffff03ffff07ff0580ffff01ff0bffff0102ffff02ff1effff04ff02ffff04ff09ff80808080ffff02ff1effff04ff02ffff04ff0dff8080808080ffff01ff0bffff0101ff058080ff0180ff018080",
      "solution": "0xffffa0741f8564b6637aee92dd68548cfe7df8ec35b20029235565244944febd68bf8dffffa0907ecc36e25ede9466dc1db20f86d8678b4a518a4351b552fb19be20fc6aac96ff05ff80808080",
    },
    Object {
      "coin": Object {
        "amount": 100n,
        "parent_coin_info": "0xd538ae235752c68078884bfb129e2c0832c2d8ed67674bde6c9a48603e6b875e",
        "puzzle_hash": "0x9d974f53c5a3d12ef729f38f2c1603b4f4f959a033d0a6ed763fab46a7cc5577",
      },
      "puzzle_reveal": "0xff02ffff01ff02ffff01ff02ff5effff04ff02ffff04ffff04ff05ffff04ffff0bff2cff0580ffff04ff0bff80808080ffff04ffff02ff17ff2f80ffff04ff5fffff04ffff02ff2effff04ff02ffff04ff17ff80808080ffff04ffff0bff82027fff82057fff820b7f80ffff04ff81bfffff04ff82017fffff04ff8202ffffff04ff8205ffffff04ff820bffff80808080808080808080808080ffff04ffff01ffffffff81ca3dff46ff0233ffff3c04ff01ff0181cbffffff02ff02ffff03ff05ffff01ff02ff32ffff04ff02ffff04ff0dffff04ffff0bff22ffff0bff2cff3480ffff0bff22ffff0bff22ffff0bff2cff5c80ff0980ffff0bff22ff0bffff0bff2cff8080808080ff8080808080ffff010b80ff0180ffff02ffff03ff0bffff01ff02ffff03ffff09ffff02ff2effff04ff02ffff04ff13ff80808080ff820b9f80ffff01ff02ff26ffff04ff02ffff04ffff02ff13ffff04ff5fffff04ff17ffff04ff2fffff04ff81bfffff04ff82017fffff04ff1bff8080808080808080ffff04ff82017fff8080808080ffff01ff088080ff0180ffff01ff02ffff03ff17ffff01ff02ffff03ffff20ff81bf80ffff0182017fffff01ff088080ff0180ffff01ff088080ff018080ff0180ffff04ffff04ff05ff2780ffff04ffff10ff0bff5780ff778080ff02ffff03ff05ffff01ff02ffff03ffff09ffff02ffff03ffff09ff11ff7880ffff0159ff8080ff0180ffff01818f80ffff01ff02ff7affff04ff02ffff04ff0dffff04ff0bffff04ffff04ff81b9ff82017980ff808080808080ffff01ff02ff5affff04ff02ffff04ffff02ffff03ffff09ff11ff7880ffff01ff04ff78ffff04ffff02ff36ffff04ff02ffff04ff13ffff04ff29ffff04ffff0bff2cff5b80ffff04ff2bff80808080808080ff398080ffff01ff02ffff03ffff09ff11ff2480ffff01ff04ff24ffff04ffff0bff20ff2980ff398080ffff010980ff018080ff0180ffff04ffff02ffff03ffff09ff11ff7880ffff0159ff8080ff0180ffff04ffff02ff7affff04ff02ffff04ff0dffff04ff0bffff04ff17ff808080808080ff80808080808080ff0180ffff01ff04ff80ffff04ff80ff17808080ff0180ffffff02ffff03ff05ffff01ff04ff09ffff02ff26ffff04ff02ffff04ff0dffff04ff0bff808080808080ffff010b80ff0180ff0bff22ffff0bff2cff5880ffff0bff22ffff0bff22ffff0bff2cff5c80ff0580ffff0bff22ffff02ff32ffff04ff02ffff04ff07ffff04ffff0bff2cff2c80ff8080808080ffff0bff2cff8080808080ffff02ffff03ffff07ff0580ffff01ff0bffff0102ffff02ff2effff04ff02ffff04ff09ff80808080ffff02ff2effff04ff02ffff04ff0dff8080808080ffff01ff0bff2cff058080ff0180ffff04ffff04ff28ffff04ff5fff808080ffff02ff7effff04ff02ffff04ffff04ffff04ff2fff0580ffff04ff5fff82017f8080ffff04ffff02ff7affff04ff02ffff04ff0bffff04ff05ffff01ff808080808080ffff04ff17ffff04ff81bfffff04ff82017fffff04ffff0bff8204ffffff02ff36ffff04ff02ffff04ff09ffff04ff820affffff04ffff0bff2cff2d80ffff04ff15ff80808080808080ff8216ff80ffff04ff8205ffffff04ff820bffff808080808080808080808080ff02ff2affff04ff02ffff04ff5fffff04ff3bffff04ffff02ffff03ff17ffff01ff09ff2dffff0bff27ffff02ff36ffff04ff02ffff04ff29ffff04ff57ffff04ffff0bff2cff81b980ffff04ff59ff80808080808080ff81b78080ff8080ff0180ffff04ff17ffff04ff05ffff04ff8202ffffff04ffff04ffff04ff24ffff04ffff0bff7cff2fff82017f80ff808080ffff04ffff04ff30ffff04ffff0bff81bfffff0bff7cff15ffff10ff82017fffff11ff8202dfff2b80ff8202ff808080ff808080ff138080ff80808080808080808080ff018080ffff04ffff01a072dec062874cd4d3aab892a0906688a1ae412b0109982e1797a170add88bdcdcffff04ffff01a06e1815ee33e943676ee437a42b7d239c0d0826902480e4c3781fee4b327e1b6bffff04ffff01ff02ffff01ff02ffff01ff02ffff03ff0bffff01ff02ffff03ffff09ff05ffff1dff0bffff1effff0bff0bffff02ff06ffff04ff02ffff04ff17ff8080808080808080ffff01ff02ff17ff2f80ffff01ff088080ff0180ffff01ff04ffff04ff04ffff04ff05ffff04ffff02ff06ffff04ff02ffff04ff17ff80808080ff80808080ffff02ff17ff2f808080ff0180ffff04ffff01ff32ff02ffff03ffff07ff0580ffff01ff0bffff0102ffff02ff06ffff04ff02ffff04ff09ff80808080ffff02ff06ffff04ff02ffff04ff0dff8080808080ffff01ff0bffff0101ff058080ff0180ff018080ffff04ffff01b0b7c28887d666be1a8d1a22148cfbf829520687b84c997d6ab40804fdd2e5ce066a78457121a467ce444a9a387e8d02b5ff018080ff0180808080",
      "solution": "0xffff80ffff01ffff33ffa0bae24162efbd568f89bc7a340798a6118df0189eb9e3f8697bcea27af99f8f79ff0affffa0bae24162efbd568f89bc7a340798a6118df0189eb9e3f8697bcea27af99f8f798080ffff33ffa0907ecc36e25ede9466dc1db20f86d8678b4a518a4351b552fb19be20fc6aac96ff5a80ffff3fffa09d308a0d28b3ec98a534dcd52e1a5fc26b7926636d80f704c81aa345ef8a392e8080ff8080ffffa00cd93529333db5ffcb7aef5a1f9610df8467ae739b083697479dbb88a82467f5ffa03eb239190ce59b4af1e461291b9185cea62d6072fd3718051a530fd8a8218bc0ff82009f80ffa034b83e2b27a38a3591a4cea279ddc2c496996cf5fe41e440045f7a14a717756fffffa0d538ae235752c68078884bfb129e2c0832c2d8ed67674bde6c9a48603e6b875effa09d974f53c5a3d12ef729f38f2c1603b4f4f959a033d0a6ed763fab46a7cc5577ff6480ffffa0d538ae235752c68078884bfb129e2c0832c2d8ed67674bde6c9a48603e6b875effa0907ecc36e25ede9466dc1db20f86d8678b4a518a4351b552fb19be20fc6aac96ff6480ff80ff8080",
    },
  ],
}
`;

exports[`Make Offer 2: offer 1`] = `"offer1qqp83w76wzru6cmqvpsxygqqemhmlaekcenaz02ma6hs5w600dhjlvfjn477nkwz369h88kll73h37fefnw7qzjkfpygjqsnvdpsxzwp3s50y6gnurll7tegj9h5mkvktn6ka5ka3jgfula48l0fsmnz6p2qun247960ndehvdlj75xfsjarxe50uthy6jdmywacn0ldgeatw4mqjae7p44qm7f0k987vjkejph5ytyg92ckaw2v8quwx428g78lz6d20smpwn5vdkl5wnhhkwdn8sfwevkmu0nyaac086a03gk7wlxullf6vtx9h0hu33wxqlrpm8dn9774dm9ulpykgv3jupgkww3j69x5msmd5ssedkscedjsgedj3uyjjphz69rskxm6p6x7sxj8d8etjat7mx95vpp9437zwk8d4ryux06vffe093v8hglmecw63v3up8gh0330nhfl885c9lg6u4v7c096zdjp5hsuncg2l9mau3n46tvaqss5hxgpln3adkcvzxakrl4x30ukke865462fxjw0ac0e5stdasa8cekhvakwzc0e0057sw9k459dws79yh5wvh9avevafafndjzfv8mpggdjrmv4lc9hv0rjf4amudadhae5l9gglwxxtqaurcj7dmral53t97ku5w4elulm9dqucyyz3fqzwxcn2xn5wqw4m8l97vxh5x94wclnnvv55n80th2f8z3lj4w239uum0ceeeyy643a0ajujeafr90e0uqu7n2nf43aht0lfatmerujncnhr0e904w0qmg0kt577umkw6k4zj8lldlcphf8ffyelfajhslnujx5jj0ds7mwnph5852lwgy4d2rpludzk9d6pl7xucsq2awq5nrhm9565th0x2wt3exu509m4p50fkdenul4nl33yp5kly4epe0r5nu5pwcgxs6gpt3x6r2l38kjgx2rjp2zpp5qu2qp8wvq4smxm4ghjvh5e9wc6ue6vf0n5p0vtt4ttrfvaeree063q8h8f4axkhechwj5vgww0t8rtxca4u7lg2gdhldlkgnem8nytwut3gvy0j4ln9ery4krktejhl775mnmk2sw2ah3ee2m63gtpcezudxdzrk398g55grqrc3jkqhw2h9g0"`;

exports[`Make Offer BSH -> XCH: bundle 1`] = `
Object {
  "aggregated_signature": "0xb08ed61f6be27c04d6eba51e0782c045902a7c6d6b3ae319b4d0fb545e5c8a33e9c67d605b973007325a85ddb2366e9e156b51ea98f1cccec9f99ce16cb622094cb50b30463a35d2663b1e0a2d77a776a422a092623d567708145f799cc47ce6",
  "coin_spends": Array [
    Object {
      "coin": Object {
        "amount": 0n,
        "parent_coin_info": "0x0000000000000000000000000000000000000000000000000000000000000000",
        "puzzle_hash": "0xcfbfdeed5c4ca2de3d0bf520b9cb4bb7743a359bd2e6a188d19ce7dffc21d3e7",
      },
      "puzzle_reveal": "0xff02ffff01ff02ff0affff04ff02ffff04ff03ff80808080ffff04ffff01ffff333effff02ffff03ff05ffff01ff04ffff04ff0cffff04ffff02ff1effff04ff02ffff04ff09ff80808080ff808080ffff02ff16ffff04ff02ffff04ff19ffff04ffff02ff0affff04ff02ffff04ff0dff80808080ff808080808080ff8080ff0180ffff02ffff03ff05ffff01ff02ffff03ffff15ff29ff8080ffff01ff04ffff04ff08ff0980ffff02ff16ffff04ff02ffff04ff0dffff04ff0bff808080808080ffff01ff088080ff0180ffff010b80ff0180ff02ffff03ffff07ff0580ffff01ff0bffff0102ffff02ff1effff04ff02ffff04ff09ff80808080ffff02ff1effff04ff02ffff04ff0dff8080808080ffff01ff0bffff0101ff058080ff0180ff018080",
      "solution": "0xffffa0741f8564b6637aee92dd68548cfe7df8ec35b20029235565244944febd68bf8dffffa0907ecc36e25ede9466dc1db20f86d8678b4a518a4351b552fb19be20fc6aac96ff85174876e800ff80808080",
    },
    Object {
      "coin": Object {
        "amount": 100000000000000n,
        "parent_coin_info": "0x1b7cce83c2d0a9497065be76dc5023a679bc2618bd8a1a9892534db1e549c204",
        "puzzle_hash": "0xf98317c995ef18d46a30ccfdd7a4e19f571f439c8fcf7d3412e915dc8caf171f",
      },
      "puzzle_reveal": "0xff02ffff01ff02ffff01ff02ff5effff04ff02ffff04ffff04ff05ffff04ffff0bff34ff0580ffff04ff0bff80808080ffff04ffff02ff17ff2f80ffff04ff5fffff04ffff02ff2effff04ff02ffff04ff17ff80808080ffff04ffff02ff2affff04ff02ffff04ff82027fffff04ff82057fffff04ff820b7fff808080808080ffff04ff81bfffff04ff82017fffff04ff8202ffffff04ff8205ffffff04ff820bffff80808080808080808080808080ffff04ffff01ffffffff3d46ff02ff333cffff0401ff01ff81cb02ffffff20ff02ffff03ff05ffff01ff02ff32ffff04ff02ffff04ff0dffff04ffff0bff7cffff0bff34ff2480ffff0bff7cffff0bff7cffff0bff34ff2c80ff0980ffff0bff7cff0bffff0bff34ff8080808080ff8080808080ffff010b80ff0180ffff02ffff03ffff22ffff09ffff0dff0580ff2280ffff09ffff0dff0b80ff2280ffff15ff17ffff0181ff8080ffff01ff0bff05ff0bff1780ffff01ff088080ff0180ffff02ffff03ff0bffff01ff02ffff03ffff09ffff02ff2effff04ff02ffff04ff13ff80808080ff820b9f80ffff01ff02ff56ffff04ff02ffff04ffff02ff13ffff04ff5fffff04ff17ffff04ff2fffff04ff81bfffff04ff82017fffff04ff1bff8080808080808080ffff04ff82017fff8080808080ffff01ff088080ff0180ffff01ff02ffff03ff17ffff01ff02ffff03ffff20ff81bf80ffff0182017fffff01ff088080ff0180ffff01ff088080ff018080ff0180ff04ffff04ff05ff2780ffff04ffff10ff0bff5780ff778080ffffff02ffff03ff05ffff01ff02ffff03ffff09ffff02ffff03ffff09ff11ff5880ffff0159ff8080ff0180ffff01818f80ffff01ff02ff26ffff04ff02ffff04ff0dffff04ff0bffff04ffff04ff81b9ff82017980ff808080808080ffff01ff02ff7affff04ff02ffff04ffff02ffff03ffff09ff11ff5880ffff01ff04ff58ffff04ffff02ff76ffff04ff02ffff04ff13ffff04ff29ffff04ffff0bff34ff5b80ffff04ff2bff80808080808080ff398080ffff01ff02ffff03ffff09ff11ff7880ffff01ff02ffff03ffff20ffff02ffff03ffff09ffff0121ffff0dff298080ffff01ff02ffff03ffff09ffff0cff29ff80ff3480ff5c80ffff01ff0101ff8080ff0180ff8080ff018080ffff0109ffff01ff088080ff0180ffff010980ff018080ff0180ffff04ffff02ffff03ffff09ff11ff5880ffff0159ff8080ff0180ffff04ffff02ff26ffff04ff02ffff04ff0dffff04ff0bffff04ff17ff808080808080ff80808080808080ff0180ffff01ff04ff80ffff04ff80ff17808080ff0180ffff02ffff03ff05ffff01ff04ff09ffff02ff56ffff04ff02ffff04ff0dffff04ff0bff808080808080ffff010b80ff0180ff0bff7cffff0bff34ff2880ffff0bff7cffff0bff7cffff0bff34ff2c80ff0580ffff0bff7cffff02ff32ffff04ff02ffff04ff07ffff04ffff0bff34ff3480ff8080808080ffff0bff34ff8080808080ffff02ffff03ffff07ff0580ffff01ff0bffff0102ffff02ff2effff04ff02ffff04ff09ff80808080ffff02ff2effff04ff02ffff04ff0dff8080808080ffff01ff0bffff0101ff058080ff0180ffff04ffff04ff30ffff04ff5fff808080ffff02ff7effff04ff02ffff04ffff04ffff04ff2fff0580ffff04ff5fff82017f8080ffff04ffff02ff26ffff04ff02ffff04ff0bffff04ff05ffff01ff808080808080ffff04ff17ffff04ff81bfffff04ff82017fffff04ffff02ff2affff04ff02ffff04ff8204ffffff04ffff02ff76ffff04ff02ffff04ff09ffff04ff820affffff04ffff0bff34ff2d80ffff04ff15ff80808080808080ffff04ff8216ffff808080808080ffff04ff8205ffffff04ff820bffff808080808080808080808080ff02ff5affff04ff02ffff04ff5fffff04ff3bffff04ffff02ffff03ff17ffff01ff09ff2dffff02ff2affff04ff02ffff04ff27ffff04ffff02ff76ffff04ff02ffff04ff29ffff04ff57ffff04ffff0bff34ff81b980ffff04ff59ff80808080808080ffff04ff81b7ff80808080808080ff8080ff0180ffff04ff17ffff04ff05ffff04ff8202ffffff04ffff04ffff04ff78ffff04ffff0eff5cffff02ff2effff04ff02ffff04ffff04ff2fffff04ff82017fff808080ff8080808080ff808080ffff04ffff04ff20ffff04ffff0bff81bfff5cffff02ff2effff04ff02ffff04ffff04ff15ffff04ffff10ff82017fffff11ff8202dfff2b80ff8202ff80ff808080ff8080808080ff808080ff138080ff80808080808080808080ff018080ffff04ffff01a037bef360ee858133b69d595a906dc45d01af50379dad515eb9518abb7c1d2a7affff04ffff01a06e1815ee33e943676ee437a42b7d239c0d0826902480e4c3781fee4b327e1b6bffff04ffff01ff02ffff01ff02ffff01ff02ffff03ff0bffff01ff02ffff03ffff09ff05ffff1dff0bffff1effff0bff0bffff02ff06ffff04ff02ffff04ff17ff8080808080808080ffff01ff02ff17ff2f80ffff01ff088080ff0180ffff01ff04ffff04ff04ffff04ff05ffff04ffff02ff06ffff04ff02ffff04ff17ff80808080ff80808080ffff02ff17ff2f808080ff0180ffff04ffff01ff32ff02ffff03ffff07ff0580ffff01ff0bffff0102ffff02ff06ffff04ff02ffff04ff09ff80808080ffff02ff06ffff04ff02ffff04ff0dff8080808080ffff01ff0bffff0101ff058080ff0180ff018080ffff04ffff01b0a0ea9df64dd859d6d7e648fec94b35ee0512670e68c0a83c520948dc164d817d39c402002db1cf716caa1335022c8338ff018080ff0180808080",
      "solution": "0xffff80ffff01ffff33ffa0cfbfdeed5c4ca2de3d0bf520b9cb4bb7743a359bd2e6a188d19ce7dffc21d3e7ff821388ffffa0cfbfdeed5c4ca2de3d0bf520b9cb4bb7743a359bd2e6a188d19ce7dffc21d3e78080ffff33ffa00eb720d9195ffe59684b62b12d54791be7ad3bb6207f5eb92e0e1b40ecbc1155ff865af3107a2c7880ffff3fffa04d08b054b2e679e0f0555a5ecf31ce69b4c2dfa7790653e251f46f0675513edc8080ff8080ffffa0ba70b644f3cd240ac0c500782d53e633d8c1de21bd554c2ee1e190b24d3c8bb2ffa00eb720d9195ffe59684b62b12d54791be7ad3bb6207f5eb92e0e1b40ecbc1155ff865af3107a400080ffa08d48f79c03b886a882d4b727310020205fccf6ae4680d673cb3d22ac2fb2e2b2ffffa01b7cce83c2d0a9497065be76dc5023a679bc2618bd8a1a9892534db1e549c204ffa0f98317c995ef18d46a30ccfdd7a4e19f571f439c8fcf7d3412e915dc8caf171fff865af3107a400080ffffa01b7cce83c2d0a9497065be76dc5023a679bc2618bd8a1a9892534db1e549c204ffa00eb720d9195ffe59684b62b12d54791be7ad3bb6207f5eb92e0e1b40ecbc1155ff865af3107a400080ff80ff8080",
    },
  ],
}
`;

exports[`Make Offer BSH -> XCH: offer 1`] = `"offer1qqr83wcuu2rykcmqvpsxygqqemhmlaekcenaz02ma6hs5w600dhjlvfjn477nkwz369h88kll73h37fefnwk3qqnz8s0lle09zgk7nwejew02mkjmkxfp8nlk5laaxrwvtg9grjd2hchf7dhxa3h7t6sexzt5vmx3l3wun2fhv3mhzdla4r84d6hvzth8cxk5r0e97c5lej2mx0kha2aeglvq5pasxhfnfeumpew4n6zcjxa2amzwsret8j3udvfh4w4yvexqhakul820xyw2eanlry6nme94ejpn88e0d7unsleu8evuul6elte5z9azj7a8v67tj0gzg02kdqf2qeulfrpkmar3kmar3kmdr3kmd83s60fu3smdl6xh0ypp0mstehm8cnmc6mdxn0rvdejdfpway2ccm6srenn6urvdmgvand96gat25z4t938y8ava799wdaduylnyhdttjnn0quagf4gxs7rjhppll8dh2zw8gd454fq2acvx7gdrmvwqrgttmxlmenmy0ed4at8rml5u75mhe332jh8evutps3x3rf78r5cda36meg3ycrdmr08pde4vzvmxt5ngk7qceh5zp35gqdxelchzp40hlt0zth0sn6cr8yyegrf0nd32mj2cmlchn8sfmd2sx6j987het04x6zl4wya0f7dyrn07cygdln0qv652azqukc0mlc9hcwpks3k8k4heuppxs4wa08ph8xzmplw97hkgzm7znuzt8adxngwur3y2hl4lv9tvzduhean9fwq0r3j2n5qv0enheclp8hzmegpl0v8punkeu44a80yft9apcxqmlch73a8e87rhj3k63wnjhk74psvpg90zea744ekhwzk0nd9v6vdl6ny0xuq7cgk5u8ataq23jv9kz8335ugwu7jsspk73we8nm72nph9m042guldfsr4cfmg6njkwk3ujmwh8crkfpw5m9l3ed3m2zw36gxa3r9rtthx7v7tngne588cd0ruwvhxfmleeue3v6d38fkw2ahsxdet6d9x34njtka7tjk2ju5zexy4vsd90n3pzd0n3e6feseqr693le8rukmt7"`;

exports[`Make Offer BSH -> XCH: offplan 1`] = `
Array [
  Object {
    "id": "6e1815ee33e943676ee437a42b7d239c0d0826902480e4c3781fee4b327e1b6b",
    "plan": Object {
      "coins": Array [
        Object {
          "amount": 100000000000000n,
          "parent_coin_info": "0x1b7cce83c2d0a9497065be76dc5023a679bc2618bd8a1a9892534db1e549c204",
          "puzzle_hash": "0xf98317c995ef18d46a30ccfdd7a4e19f571f439c8fcf7d3412e915dc8caf171f",
        },
      ],
      "targets": Array [
        Object {
          "address": "0xcfbfdeed5c4ca2de3d0bf520b9cb4bb7743a359bd2e6a188d19ce7dffc21d3e7",
          "amount": 5000n,
          "memos": Array [
            "0xcfbfdeed5c4ca2de3d0bf520b9cb4bb7743a359bd2e6a188d19ce7dffc21d3e7",
          ],
          "symbol": "BSH",
        },
        Object {
          "address": "0x0eb720d9195ffe59684b62b12d54791be7ad3bb6207f5eb92e0e1b40ecbc1155",
          "amount": 99999999995000n,
          "symbol": "BSH",
        },
      ],
    },
  },
]
`;

exports[`Make Offer BSH -> XCH: offs 1`] = `
Array [
  Object {
    "amount": 5000n,
    "id": "6e1815ee33e943676ee437a42b7d239c0d0826902480e4c3781fee4b327e1b6b",
    "symbol": "BSH",
    "target": "()",
  },
]
`;

exports[`Make Offer BSH -> XCH: reqs 1`] = `
Array [
  Object {
    "amount": 100000000000n,
    "id": "",
    "symbol": "XCH",
    "target": "0x907ecc36e25ede9466dc1db20f86d8678b4a518a4351b552fb19be20fc6aac96",
  },
]
`;

exports[`Make Offer XCH -> BSH: bundle 1`] = `
Object {
  "aggregated_signature": "0xa8462891b1e2399efb96661e0d2c70df24800140ee30004ee72f9b11eee1b62ca973687433f5a3363a368089dbed0865179a2c58d80566ff5f1c1b9b5fb315d78aca265dc5568cfab1c4abc12dc49c3407f73d5138a44e27595aa3a94df56247",
  "coin_spends": Array [
    Object {
      "coin": Object {
        "amount": 0n,
        "parent_coin_info": "0x0000000000000000000000000000000000000000000000000000000000000000",
        "puzzle_hash": "0xd54cf64b9f579901fbadf1b34395027a0af9f2c775b5971e24ea9d7b514b6feb",
      },
      "puzzle_reveal": "0xff02ffff01ff02ffff01ff02ff5effff04ff02ffff04ffff04ff05ffff04ffff0bff34ff0580ffff04ff0bff80808080ffff04ffff02ff17ff2f80ffff04ff5fffff04ffff02ff2effff04ff02ffff04ff17ff80808080ffff04ffff02ff2affff04ff02ffff04ff82027fffff04ff82057fffff04ff820b7fff808080808080ffff04ff81bfffff04ff82017fffff04ff8202ffffff04ff8205ffffff04ff820bffff80808080808080808080808080ffff04ffff01ffffffff3d46ff02ff333cffff0401ff01ff81cb02ffffff20ff02ffff03ff05ffff01ff02ff32ffff04ff02ffff04ff0dffff04ffff0bff7cffff0bff34ff2480ffff0bff7cffff0bff7cffff0bff34ff2c80ff0980ffff0bff7cff0bffff0bff34ff8080808080ff8080808080ffff010b80ff0180ffff02ffff03ffff22ffff09ffff0dff0580ff2280ffff09ffff0dff0b80ff2280ffff15ff17ffff0181ff8080ffff01ff0bff05ff0bff1780ffff01ff088080ff0180ffff02ffff03ff0bffff01ff02ffff03ffff09ffff02ff2effff04ff02ffff04ff13ff80808080ff820b9f80ffff01ff02ff56ffff04ff02ffff04ffff02ff13ffff04ff5fffff04ff17ffff04ff2fffff04ff81bfffff04ff82017fffff04ff1bff8080808080808080ffff04ff82017fff8080808080ffff01ff088080ff0180ffff01ff02ffff03ff17ffff01ff02ffff03ffff20ff81bf80ffff0182017fffff01ff088080ff0180ffff01ff088080ff018080ff0180ff04ffff04ff05ff2780ffff04ffff10ff0bff5780ff778080ffffff02ffff03ff05ffff01ff02ffff03ffff09ffff02ffff03ffff09ff11ff5880ffff0159ff8080ff0180ffff01818f80ffff01ff02ff26ffff04ff02ffff04ff0dffff04ff0bffff04ffff04ff81b9ff82017980ff808080808080ffff01ff02ff7affff04ff02ffff04ffff02ffff03ffff09ff11ff5880ffff01ff04ff58ffff04ffff02ff76ffff04ff02ffff04ff13ffff04ff29ffff04ffff0bff34ff5b80ffff04ff2bff80808080808080ff398080ffff01ff02ffff03ffff09ff11ff7880ffff01ff02ffff03ffff20ffff02ffff03ffff09ffff0121ffff0dff298080ffff01ff02ffff03ffff09ffff0cff29ff80ff3480ff5c80ffff01ff0101ff8080ff0180ff8080ff018080ffff0109ffff01ff088080ff0180ffff010980ff018080ff0180ffff04ffff02ffff03ffff09ff11ff5880ffff0159ff8080ff0180ffff04ffff02ff26ffff04ff02ffff04ff0dffff04ff0bffff04ff17ff808080808080ff80808080808080ff0180ffff01ff04ff80ffff04ff80ff17808080ff0180ffff02ffff03ff05ffff01ff04ff09ffff02ff56ffff04ff02ffff04ff0dffff04ff0bff808080808080ffff010b80ff0180ff0bff7cffff0bff34ff2880ffff0bff7cffff0bff7cffff0bff34ff2c80ff0580ffff0bff7cffff02ff32ffff04ff02ffff04ff07ffff04ffff0bff34ff3480ff8080808080ffff0bff34ff8080808080ffff02ffff03ffff07ff0580ffff01ff0bffff0102ffff02ff2effff04ff02ffff04ff09ff80808080ffff02ff2effff04ff02ffff04ff0dff8080808080ffff01ff0bffff0101ff058080ff0180ffff04ffff04ff30ffff04ff5fff808080ffff02ff7effff04ff02ffff04ffff04ffff04ff2fff0580ffff04ff5fff82017f8080ffff04ffff02ff26ffff04ff02ffff04ff0bffff04ff05ffff01ff808080808080ffff04ff17ffff04ff81bfffff04ff82017fffff04ffff02ff2affff04ff02ffff04ff8204ffffff04ffff02ff76ffff04ff02ffff04ff09ffff04ff820affffff04ffff0bff34ff2d80ffff04ff15ff80808080808080ffff04ff8216ffff808080808080ffff04ff8205ffffff04ff820bffff808080808080808080808080ff02ff5affff04ff02ffff04ff5fffff04ff3bffff04ffff02ffff03ff17ffff01ff09ff2dffff02ff2affff04ff02ffff04ff27ffff04ffff02ff76ffff04ff02ffff04ff29ffff04ff57ffff04ffff0bff34ff81b980ffff04ff59ff80808080808080ffff04ff81b7ff80808080808080ff8080ff0180ffff04ff17ffff04ff05ffff04ff8202ffffff04ffff04ffff04ff78ffff04ffff0eff5cffff02ff2effff04ff02ffff04ffff04ff2fffff04ff82017fff808080ff8080808080ff808080ffff04ffff04ff20ffff04ffff0bff81bfff5cffff02ff2effff04ff02ffff04ffff04ff15ffff04ffff10ff82017fffff11ff8202dfff2b80ff8202ff80ff808080ff8080808080ff808080ff138080ff80808080808080808080ff018080ffff04ffff01a037bef360ee858133b69d595a906dc45d01af50379dad515eb9518abb7c1d2a7affff04ffff01a06e1815ee33e943676ee437a42b7d239c0d0826902480e4c3781fee4b327e1b6bffff04ffff01ff02ffff01ff02ff0affff04ff02ffff04ff03ff80808080ffff04ffff01ffff333effff02ffff03ff05ffff01ff04ffff04ff0cffff04ffff02ff1effff04ff02ffff04ff09ff80808080ff808080ffff02ff16ffff04ff02ffff04ff19ffff04ffff02ff0affff04ff02ffff04ff0dff80808080ff808080808080ff8080ff0180ffff02ffff03ff05ffff01ff02ffff03ffff15ff29ff8080ffff01ff04ffff04ff08ff0980ffff02ff16ffff04ff02ffff04ff0dffff04ff0bff808080808080ffff01ff088080ff0180ffff010b80ff0180ff02ffff03ffff07ff0580ffff01ff0bffff0102ffff02ff1effff04ff02ffff04ff09ff80808080ffff02ff1effff04ff02ffff04ff0dff8080808080ffff01ff0bffff0101ff058080ff0180ff018080ff0180808080",
      "solution": "0xffffa0741f8564b6637aee92dd68548cfe7df8ec35b20029235565244944febd68bf8dffffa0907ecc36e25ede9466dc1db20f86d8678b4a518a4351b552fb19be20fc6aac96ff821388ffffa0907ecc36e25ede9466dc1db20f86d8678b4a518a4351b552fb19be20fc6aac9680808080",
    },
    Object {
      "coin": Object {
        "amount": 1000000000000n,
        "parent_coin_info": "0xba70b644f3cd240ac0c500782d53e633d8c1de21bd554c2ee1e190b24d3c8bb2",
        "puzzle_hash": "0x0eb720d9195ffe59684b62b12d54791be7ad3bb6207f5eb92e0e1b40ecbc1155",
      },
      "puzzle_reveal": "0xff02ffff01ff02ffff01ff02ffff03ff0bffff01ff02ffff03ffff09ff05ffff1dff0bffff1effff0bff0bffff02ff06ffff04ff02ffff04ff17ff8080808080808080ffff01ff02ff17ff2f80ffff01ff088080ff0180ffff01ff04ffff04ff04ffff04ff05ffff04ffff02ff06ffff04ff02ffff04ff17ff80808080ff80808080ffff02ff17ff2f808080ff0180ffff04ffff01ff32ff02ffff03ffff07ff0580ffff01ff0bffff0102ffff02ff06ffff04ff02ffff04ff09ff80808080ffff02ff06ffff04ff02ffff04ff0dff8080808080ffff01ff0bffff0101ff058080ff0180ff018080ffff04ffff01b0a0ea9df64dd859d6d7e648fec94b35ee0512670e68c0a83c520948dc164d817d39c402002db1cf716caa1335022c8338ff018080",
      "solution": "0xff80ffff01ffff33ffa0cfbfdeed5c4ca2de3d0bf520b9cb4bb7743a359bd2e6a188d19ce7dffc21d3e7ff85174876e80080ffff33ffa00eb720d9195ffe59684b62b12d54791be7ad3bb6207f5eb92e0e1b40ecbc1155ff8600d18c2e280080ffff3fffa04861158886d4cc75a8f3e647643f807800cc095cf21165b6a28e77cc31b8d53a8080ff8080",
    },
  ],
}
`;

exports[`Make Offer XCH -> BSH: offer 1`] = `"offer1qqr83wcuu2rykcmqvpsxygqq4ma8euu7rulf8u0hm28eh8d8xf2hrl0uwj78f6m58x24wuatqw7lxh7r6nqah2drkhlk3mflttacl4h75w6l768dlal6q6nlwrsmasrumlncgaad3hrdhejxgexus0gjewurasruamdvpwyas9wmk6mykk42pjhjy3zd7xdlw38v77mzheztk4nepchc0ksyjkrz0petun0hjx74f9n582u26ytq2ywa0arg3nyzztuad9rde9277fkae5ywn72hl03cm6fxqex7t5z5z48ewlmmx0m0wq54fj5rkclk9rhda9958wefh7xmd6j8w7c9wcuswmsdlgkmjnlpfltf560lnwzrhzzsq6e8q47px6tu7e64hq8pcedg6qxhuenuu0srm3da5yl85rclfmvwg67nhkyklw7zfhylslu3r80yjxm4gv42t8a0kh02v5qlkafc7n76u8x3as2svra7t3v455p23rvcux79qrmv7zrqttlx0mem6yteahar8rmly775mha3p2jlxegutps3838fw9rueda36meqsyuramr08pfe4wzymxt5ngkuqksmyz5lmluz70a7l0vd79vhfnuklw4u9nknmmd5htzvva0h4d4su03feelhlu59ulh7ha2aeglvq4psxkp35yv03h7xwzc5wncr5nd0alcz3azdrr4k9dn554mu0mnfuckl2rqhpp3nu6fkp64kg4772ecvwawt2qs86c9r0rvfrv04nnhm85k5mrjh5lstujsr50pnkqcxhlnl4vc9mu7aef4nkgu2838cad3rx2ansm8dkmee2tzk062ym3sym7cl9u3n6wm7k050ttjnd2c50sm60eknevh65rhfzwfxan0k6qedjmu2j36x940wn7e4eywsqlxpdrvqsk0wjf"`;

exports[`Make Offer XCH -> BSH: offplan 1`] = `
Array [
  Object {
    "id": "",
    "plan": Object {
      "coins": Array [
        Object {
          "amount": 1000000000000n,
          "parent_coin_info": "0xba70b644f3cd240ac0c500782d53e633d8c1de21bd554c2ee1e190b24d3c8bb2",
          "puzzle_hash": "0x0eb720d9195ffe59684b62b12d54791be7ad3bb6207f5eb92e0e1b40ecbc1155",
        },
      ],
      "targets": Array [
        Object {
          "address": "0xcfbfdeed5c4ca2de3d0bf520b9cb4bb7743a359bd2e6a188d19ce7dffc21d3e7",
          "amount": 100000000000n,
          "memos": undefined,
          "symbol": "XCH",
        },
        Object {
          "address": "0x0eb720d9195ffe59684b62b12d54791be7ad3bb6207f5eb92e0e1b40ecbc1155",
          "amount": 900000000000n,
          "symbol": "XCH",
        },
      ],
    },
  },
]
`;

exports[`Make Offer XCH -> BSH: offs 1`] = `
Array [
  Object {
    "amount": 100000000000n,
    "id": "",
    "symbol": "XCH",
    "target": "()",
  },
]
`;

exports[`Make Offer XCH -> BSH: reqs 1`] = `
Array [
  Object {
    "amount": 5000n,
    "id": "6e1815ee33e943676ee437a42b7d239c0d0826902480e4c3781fee4b327e1b6b",
    "symbol": "BSH",
    "target": "0x907ecc36e25ede9466dc1db20f86d8678b4a518a4351b552fb19be20fc6aac96",
  },
]
`;
