// Jest Snapshot v1, https://goo.gl/fbAQLP

exports[`Offer Encoding: bundle 1`] = `
Object {
  "aggregated_signature": "0x98c70db3903a9804825c68d92d0ac911986a56815966dcd9475dd354600aed6a8c224b318376ad85b3ed484c51a31b770ed22e72388e3b822a1a5917ed896f41153671856b2f4f903680fc7fa28955908f693d8b0f5dba002d3009dff320c000",
  "coin_spends": Array [
    Object {
      "coin": Object {
        "amount": 0n,
        "parent_coin_info": "0x0000000000000000000000000000000000000000000000000000000000000000",
        "puzzle_hash": "0xbae24162efbd568f89bc7a340798a6118df0189eb9e3f8697bcea27af99f8f79",
      },
      "puzzle_reveal": "0xff02ffff01ff02ff0affff04ff02ffff04ff03ff80808080ffff04ffff01ffff333effff02ffff03ff05ffff01ff04ffff04ff0cffff04ffff02ff1effff04ff02ffff04ff09ff80808080ff808080ffff02ff16ffff04ff02ffff04ff19ffff04ffff02ff0affff04ff02ffff04ff0dff80808080ff808080808080ff8080ff0180ffff02ffff03ff05ffff01ff04ffff04ff08ff0980ffff02ff16ffff04ff02ffff04ff0dffff04ff0bff808080808080ffff010b80ff0180ff02ffff03ffff07ff0580ffff01ff0bffff0102ffff02ff1effff04ff02ffff04ff09ff80808080ffff02ff1effff04ff02ffff04ff0dff8080808080ffff01ff0bffff0101ff058080ff0180ff018080",
      "solution": "0xffffa033e6b7efb2fa91742b9a4dc36fc96dc1255ced7fe78ffff469bd24aacefa913bffffa0f1c3875cc0f8cd4926d8a9423a244c30af5b7dfa7a25c947c570634423ca2157ff85174876e800ff80808080",
    },
    Object {
      "coin": Object {
        "amount": 1337000n,
        "parent_coin_info": "0x16f79de5eb9f31ce2ec65b67c7c6a8d5d44ec8ef35dd6ecbc9c6c9ab37b5e7f1",
        "puzzle_hash": "0xd8d5f15deb6861bb977d76f26b8db6cabc1a21c8fd5ff7ec8e7703c256ee285f",
      },
      "puzzle_reveal": "0xff02ffff01ff02ffff01ff02ff5effff04ff02ffff04ffff04ff05ffff04ffff0bff2cff0580ffff04ff0bff80808080ffff04ffff02ff17ff2f80ffff04ff5fffff04ffff02ff2effff04ff02ffff04ff17ff80808080ffff04ffff0bff82027fff82057fff820b7f80ffff04ff81bfffff04ff82017fffff04ff8202ffffff04ff8205ffffff04ff820bffff80808080808080808080808080ffff04ffff01ffffffff81ca3dff46ff0233ffff3c04ff01ff0181cbffffff02ff02ffff03ff05ffff01ff02ff32ffff04ff02ffff04ff0dffff04ffff0bff22ffff0bff2cff3480ffff0bff22ffff0bff22ffff0bff2cff5c80ff0980ffff0bff22ff0bffff0bff2cff8080808080ff8080808080ffff010b80ff0180ffff02ffff03ff0bffff01ff02ffff03ffff09ffff02ff2effff04ff02ffff04ff13ff80808080ff820b9f80ffff01ff02ff26ffff04ff02ffff04ffff02ff13ffff04ff5fffff04ff17ffff04ff2fffff04ff81bfffff04ff82017fffff04ff1bff8080808080808080ffff04ff82017fff8080808080ffff01ff088080ff0180ffff01ff02ffff03ff17ffff01ff02ffff03ffff20ff81bf80ffff0182017fffff01ff088080ff0180ffff01ff088080ff018080ff0180ffff04ffff04ff05ff2780ffff04ffff10ff0bff5780ff778080ff02ffff03ff05ffff01ff02ffff03ffff09ffff02ffff03ffff09ff11ff7880ffff0159ff8080ff0180ffff01818f80ffff01ff02ff7affff04ff02ffff04ff0dffff04ff0bffff04ffff04ff81b9ff82017980ff808080808080ffff01ff02ff5affff04ff02ffff04ffff02ffff03ffff09ff11ff7880ffff01ff04ff78ffff04ffff02ff36ffff04ff02ffff04ff13ffff04ff29ffff04ffff0bff2cff5b80ffff04ff2bff80808080808080ff398080ffff01ff02ffff03ffff09ff11ff2480ffff01ff04ff24ffff04ffff0bff20ff2980ff398080ffff010980ff018080ff0180ffff04ffff02ffff03ffff09ff11ff7880ffff0159ff8080ff0180ffff04ffff02ff7affff04ff02ffff04ff0dffff04ff0bffff04ff17ff808080808080ff80808080808080ff0180ffff01ff04ff80ffff04ff80ff17808080ff0180ffffff02ffff03ff05ffff01ff04ff09ffff02ff26ffff04ff02ffff04ff0dffff04ff0bff808080808080ffff010b80ff0180ff0bff22ffff0bff2cff5880ffff0bff22ffff0bff22ffff0bff2cff5c80ff0580ffff0bff22ffff02ff32ffff04ff02ffff04ff07ffff04ffff0bff2cff2c80ff8080808080ffff0bff2cff8080808080ffff02ffff03ffff07ff0580ffff01ff0bffff0102ffff02ff2effff04ff02ffff04ff09ff80808080ffff02ff2effff04ff02ffff04ff0dff8080808080ffff01ff0bff2cff058080ff0180ffff04ffff04ff28ffff04ff5fff808080ffff02ff7effff04ff02ffff04ffff04ffff04ff2fff0580ffff04ff5fff82017f8080ffff04ffff02ff7affff04ff02ffff04ff0bffff04ff05ffff01ff808080808080ffff04ff17ffff04ff81bfffff04ff82017fffff04ffff0bff8204ffffff02ff36ffff04ff02ffff04ff09ffff04ff820affffff04ffff0bff2cff2d80ffff04ff15ff80808080808080ff8216ff80ffff04ff8205ffffff04ff820bffff808080808080808080808080ff02ff2affff04ff02ffff04ff5fffff04ff3bffff04ffff02ffff03ff17ffff01ff09ff2dffff0bff27ffff02ff36ffff04ff02ffff04ff29ffff04ff57ffff04ffff0bff2cff81b980ffff04ff59ff80808080808080ff81b78080ff8080ff0180ffff04ff17ffff04ff05ffff04ff8202ffffff04ffff04ffff04ff24ffff04ffff0bff7cff2fff82017f80ff808080ffff04ffff04ff30ffff04ffff0bff81bfffff0bff7cff15ffff10ff82017fffff11ff8202dfff2b80ff8202ff808080ff808080ff138080ff80808080808080808080ff018080ffff04ffff01a072dec062874cd4d3aab892a0906688a1ae412b0109982e1797a170add88bdcdcffff04ffff01a044a1d78b820f6404de3cc45b34932178f9ac8f3d9114db279f657ca83fa751b7ffff04ffff01ff02ffff01ff02ffff01ff02ffff03ff0bffff01ff02ffff03ffff09ff05ffff1dff0bffff1effff0bff0bffff02ff06ffff04ff02ffff04ff17ff8080808080808080ffff01ff02ff17ff2f80ffff01ff088080ff0180ffff01ff04ffff04ff04ffff04ff05ffff04ffff02ff06ffff04ff02ffff04ff17ff80808080ff80808080ffff02ff17ff2f808080ff0180ffff04ffff01ff32ff02ffff03ffff07ff0580ffff01ff0bffff0102ffff02ff06ffff04ff02ffff04ff09ff80808080ffff02ff06ffff04ff02ffff04ff0dff8080808080ffff01ff0bffff0101ff058080ff0180ff018080ffff04ffff01b095d59273ba6573261a23fb89698aed580dce0b6d3ab8f6530ddf2cc9d11c7bafa3fd5144cc7129f6540eb1a6d7833217ff018080ff0180808080",
      "solution": "0xffff80ffff01ffff33ffa0bae24162efbd568f89bc7a340798a6118df0189eb9e3f8697bcea27af99f8f79ff831466a8ffffa0bae24162efbd568f89bc7a340798a6118df0189eb9e3f8697bcea27af99f8f798080ffff3fffa001e4b6a719f9695cf8a1e0ef1ef8e10b075dbd2654bb920a065e5d8e243047918080ff8080ffffa0aa35c292b82e914b1f36eeabc70debc03cb4ede76e7b14aebca6dbcfeebe33fbffa06fff1390007dc6f96dcd1a63bcc1fd3d015a0167e71ed8a8a339c59e96a22030ff840226d3b880ffa0115c07f6185aef2c58ea7377c102d91bb2876f451c640822d704e766d745453dffffa016f79de5eb9f31ce2ec65b67c7c6a8d5d44ec8ef35dd6ecbc9c6c9ab37b5e7f1ffa0d8d5f15deb6861bb977d76f26b8db6cabc1a21c8fd5ff7ec8e7703c256ee285fff831466a880ffffa016f79de5eb9f31ce2ec65b67c7c6a8d5d44ec8ef35dd6ecbc9c6c9ab37b5e7f1ffa020af116d1d301f87791841cf1461c774e8ef44094e9ef4d3b1c5d5427628b3f1ff831466a880ff80ff8080",
    },
  ],
}
`;

exports[`Offer Encoding: summary 1`] = `
Object {
  "offered": Array [
    Object {
      "amount": 1337000n,
      "cat_target": "0xad61590f43f3621d21211d0f1d915449467d8e738b97c4f98de7fcb9a12b3ed5",
      "coin": Object {
        "coin": Object {
          "amount": 1337000n,
          "parent_coin_info": "0x16f79de5eb9f31ce2ec65b67c7c6a8d5d44ec8ef35dd6ecbc9c6c9ab37b5e7f1",
          "puzzle_hash": "0xd8d5f15deb6861bb977d76f26b8db6cabc1a21c8fd5ff7ec8e7703c256ee285f",
        },
        "puzzle_reveal": "0xff02ffff01ff02ffff01ff02ff5effff04ff02ffff04ffff04ff05ffff04ffff0bff2cff0580ffff04ff0bff80808080ffff04ffff02ff17ff2f80ffff04ff5fffff04ffff02ff2effff04ff02ffff04ff17ff80808080ffff04ffff0bff82027fff82057fff820b7f80ffff04ff81bfffff04ff82017fffff04ff8202ffffff04ff8205ffffff04ff820bffff80808080808080808080808080ffff04ffff01ffffffff81ca3dff46ff0233ffff3c04ff01ff0181cbffffff02ff02ffff03ff05ffff01ff02ff32ffff04ff02ffff04ff0dffff04ffff0bff22ffff0bff2cff3480ffff0bff22ffff0bff22ffff0bff2cff5c80ff0980ffff0bff22ff0bffff0bff2cff8080808080ff8080808080ffff010b80ff0180ffff02ffff03ff0bffff01ff02ffff03ffff09ffff02ff2effff04ff02ffff04ff13ff80808080ff820b9f80ffff01ff02ff26ffff04ff02ffff04ffff02ff13ffff04ff5fffff04ff17ffff04ff2fffff04ff81bfffff04ff82017fffff04ff1bff8080808080808080ffff04ff82017fff8080808080ffff01ff088080ff0180ffff01ff02ffff03ff17ffff01ff02ffff03ffff20ff81bf80ffff0182017fffff01ff088080ff0180ffff01ff088080ff018080ff0180ffff04ffff04ff05ff2780ffff04ffff10ff0bff5780ff778080ff02ffff03ff05ffff01ff02ffff03ffff09ffff02ffff03ffff09ff11ff7880ffff0159ff8080ff0180ffff01818f80ffff01ff02ff7affff04ff02ffff04ff0dffff04ff0bffff04ffff04ff81b9ff82017980ff808080808080ffff01ff02ff5affff04ff02ffff04ffff02ffff03ffff09ff11ff7880ffff01ff04ff78ffff04ffff02ff36ffff04ff02ffff04ff13ffff04ff29ffff04ffff0bff2cff5b80ffff04ff2bff80808080808080ff398080ffff01ff02ffff03ffff09ff11ff2480ffff01ff04ff24ffff04ffff0bff20ff2980ff398080ffff010980ff018080ff0180ffff04ffff02ffff03ffff09ff11ff7880ffff0159ff8080ff0180ffff04ffff02ff7affff04ff02ffff04ff0dffff04ff0bffff04ff17ff808080808080ff80808080808080ff0180ffff01ff04ff80ffff04ff80ff17808080ff0180ffffff02ffff03ff05ffff01ff04ff09ffff02ff26ffff04ff02ffff04ff0dffff04ff0bff808080808080ffff010b80ff0180ff0bff22ffff0bff2cff5880ffff0bff22ffff0bff22ffff0bff2cff5c80ff0580ffff0bff22ffff02ff32ffff04ff02ffff04ff07ffff04ffff0bff2cff2c80ff8080808080ffff0bff2cff8080808080ffff02ffff03ffff07ff0580ffff01ff0bffff0102ffff02ff2effff04ff02ffff04ff09ff80808080ffff02ff2effff04ff02ffff04ff0dff8080808080ffff01ff0bff2cff058080ff0180ffff04ffff04ff28ffff04ff5fff808080ffff02ff7effff04ff02ffff04ffff04ffff04ff2fff0580ffff04ff5fff82017f8080ffff04ffff02ff7affff04ff02ffff04ff0bffff04ff05ffff01ff808080808080ffff04ff17ffff04ff81bfffff04ff82017fffff04ffff0bff8204ffffff02ff36ffff04ff02ffff04ff09ffff04ff820affffff04ffff0bff2cff2d80ffff04ff15ff80808080808080ff8216ff80ffff04ff8205ffffff04ff820bffff808080808080808080808080ff02ff2affff04ff02ffff04ff5fffff04ff3bffff04ffff02ffff03ff17ffff01ff09ff2dffff0bff27ffff02ff36ffff04ff02ffff04ff29ffff04ff57ffff04ffff0bff2cff81b980ffff04ff59ff80808080808080ff81b78080ff8080ff0180ffff04ff17ffff04ff05ffff04ff8202ffffff04ffff04ffff04ff24ffff04ffff0bff7cff2fff82017f80ff808080ffff04ffff04ff30ffff04ffff0bff81bfffff0bff7cff15ffff10ff82017fffff11ff8202dfff2b80ff8202ff808080ff808080ff138080ff80808080808080808080ff018080ffff04ffff01a072dec062874cd4d3aab892a0906688a1ae412b0109982e1797a170add88bdcdcffff04ffff01a044a1d78b820f6404de3cc45b34932178f9ac8f3d9114db279f657ca83fa751b7ffff04ffff01ff02ffff01ff02ffff01ff02ffff03ff0bffff01ff02ffff03ffff09ff05ffff1dff0bffff1effff0bff0bffff02ff06ffff04ff02ffff04ff17ff8080808080808080ffff01ff02ff17ff2f80ffff01ff088080ff0180ffff01ff04ffff04ff04ffff04ff05ffff04ffff02ff06ffff04ff02ffff04ff17ff80808080ff80808080ffff02ff17ff2f808080ff0180ffff04ffff01ff32ff02ffff03ffff07ff0580ffff01ff0bffff0102ffff02ff06ffff04ff02ffff04ff09ff80808080ffff02ff06ffff04ff02ffff04ff0dff8080808080ffff01ff0bffff0101ff058080ff0180ff018080ffff04ffff01b095d59273ba6573261a23fb89698aed580dce0b6d3ab8f6530ddf2cc9d11c7bafa3fd5144cc7129f6540eb1a6d7833217ff018080ff0180808080",
        "solution": "0xffff80ffff01ffff33ffa0bae24162efbd568f89bc7a340798a6118df0189eb9e3f8697bcea27af99f8f79ff831466a8ffffa0bae24162efbd568f89bc7a340798a6118df0189eb9e3f8697bcea27af99f8f798080ffff3fffa001e4b6a719f9695cf8a1e0ef1ef8e10b075dbd2654bb920a065e5d8e243047918080ff8080ffffa0aa35c292b82e914b1f36eeabc70debc03cb4ede76e7b14aebca6dbcfeebe33fbffa06fff1390007dc6f96dcd1a63bcc1fd3d015a0167e71ed8a8a339c59e96a22030ff840226d3b880ffa0115c07f6185aef2c58ea7377c102d91bb2876f451c640822d704e766d745453dffffa016f79de5eb9f31ce2ec65b67c7c6a8d5d44ec8ef35dd6ecbc9c6c9ab37b5e7f1ffa0d8d5f15deb6861bb977d76f26b8db6cabc1a21c8fd5ff7ec8e7703c256ee285fff831466a880ffffa016f79de5eb9f31ce2ec65b67c7c6a8d5d44ec8ef35dd6ecbc9c6c9ab37b5e7f1ffa020af116d1d301f87791841cf1461c774e8ef44094e9ef4d3b1c5d5427628b3f1ff831466a880ff80ff8080",
      },
      "id": "0x44a1d78b820f6404de3cc45b34932178f9ac8f3d9114db279f657ca83fa751b7",
      "nft_detail": undefined,
      "nft_target": undefined,
      "nft_uri": "",
      "royalty": undefined,
      "target": "0xbae24162efbd568f89bc7a340798a6118df0189eb9e3f8697bcea27af99f8f79",
    },
  ],
  "requested": Array [
    Object {
      "amount": 100000000000n,
      "cat_target": undefined,
      "coin": Object {
        "coin": Object {
          "amount": 0n,
          "parent_coin_info": "0x0000000000000000000000000000000000000000000000000000000000000000",
          "puzzle_hash": "0xbae24162efbd568f89bc7a340798a6118df0189eb9e3f8697bcea27af99f8f79",
        },
        "puzzle_reveal": "0xff02ffff01ff02ff0affff04ff02ffff04ff03ff80808080ffff04ffff01ffff333effff02ffff03ff05ffff01ff04ffff04ff0cffff04ffff02ff1effff04ff02ffff04ff09ff80808080ff808080ffff02ff16ffff04ff02ffff04ff19ffff04ffff02ff0affff04ff02ffff04ff0dff80808080ff808080808080ff8080ff0180ffff02ffff03ff05ffff01ff04ffff04ff08ff0980ffff02ff16ffff04ff02ffff04ff0dffff04ff0bff808080808080ffff010b80ff0180ff02ffff03ffff07ff0580ffff01ff0bffff0102ffff02ff1effff04ff02ffff04ff09ff80808080ffff02ff1effff04ff02ffff04ff0dff8080808080ffff01ff0bffff0101ff058080ff0180ff018080",
        "solution": "0xffffa033e6b7efb2fa91742b9a4dc36fc96dc1255ced7fe78ffff469bd24aacefa913bffffa0f1c3875cc0f8cd4926d8a9423a244c30af5b7dfa7a25c947c570634423ca2157ff85174876e800ff80808080",
      },
      "id": "",
      "nft_detail": undefined,
      "nft_target": undefined,
      "nft_uri": "",
      "royalty": undefined,
      "target": "0xf1c3875cc0f8cd4926d8a9423a244c30af5b7dfa7a25c947c570634423ca2157",
    },
  ],
  "settlementModName": "settlement_payments",
}
`;
